Command: /Users/alex/.espressif/python_env/idf6.1_py3.13_env/bin/python /Users/alex/esp/esp-idf/tools/idf_monitor.py -p /dev/cu.usbserial-0001 -b 115200 --toolchain-prefix xtensa-esp32-elf- --target esp32 --revision 0 /Users/alex/esp/micro_speech/build/micro_speech.elf /Users/alex/esp/micro_speech/build/bootloader/bootloader.elf -m '/Users/alex/.espressif/python_env/idf6.1_py3.13_env/bin/python' '/Users/alex/esp/esp-idf/tools/idf.py' '-p' '/dev/cu.usbserial-0001'
er.
[0;32mI (349) main_task: Started on CPU0[0m
[0;32mI (359) main_task: Callon CPU0[0m
[0;32mI (359) main_task: Calling app_main()[0m
Didn't find op for builtin opcode 'CONV_2D'
Failed to get registration from op code CONV_2D
 
AllocateTensors() failed
Guru Meditation Error: Core  0 panic'ed (StoreProhibited). Exception was unhandled.

Core�ets Jul 29 2019 12:21:46

rst:0x1 (POWERON_RESET),boot:0x13 (SPI_FAST_FLASH_BOOT)
configsip: 0, SPIWP:0xee
clk_drv:0x00,q_drv:0x00,d_drv:0x00,cs0_drv:0x00,hd_drv:0x00,wp_drv:0x00
mode:DIO, clock div:1
load:0x3fff0040,len:6596
load:0x40078000,len:16752
ho 0 tail 12 room 4
load:0x40080400,len:4348
entry 0x40080664
[0;32mI (29) boot: ESP-IDF v6.1-dev-2938-g12f36a021f 2nd stage bootloader[0m
[0;32mI (29) boot: compile time Mar 18 2026 23:14:15[0m
[0;32mI (29) boot: Multicore bootloader[0m
[0;32mI (32) boot: chip revision: v3.1[0m
[0;32mI (35) qio_mode: Enabling default flash chip QIO[0m
[0;32mI (39) boot.esp32: SPI Speed      : 80MHz[0m
[0;32mI (43) boot.esp32: SPI Mode       : QIO[0m
[0;32mI (47) boot.esp32: SPI Flash Size : 2MB[0m
[0;32mI (50) boot: Enabling RNG early entropy source...[0m
[0;32mI (55) boot: Partition Table:[0m
[0;32mI (57) boot: ## Label            Usage          Type ST Offset   Length[0m
[0;32mI (64) boot:  0 nvs              WiFi data        01 02 00009000 00006000[0m
[0;32mI (70) boot:  1 phy_init         RF data          01 01 0000f000 00001000[0m
[0;32mI (77) boot:  2 factory          factory app      00 00 00010000 00100000[0m
[0;32mI (83) boot: End of partition table[0m
[0;32mI (87) esp_image: segment 0: paddr=00010020 vaddr=3f400020 size=37ef0h (229104) map[0m
[0;32mI (156) esp_image: segment 1: paddr=00047f18 vaddr=3ffb0000 size=0288ch ( 10380) load[0m
[0;32mI (159) esp_image: segment 2: paddr=0004a7ac vaddr=40080000 size=0586ch ( 22636) load[0m
[0;32mI (167) esp_image: segment 3: paddr=00050020 vaddr=400d0020 size=32894h (206996) map[0m
[0;32mI (223) esp_image: segment 4: paddr=000828bc vaddr=4008586c size=04748h ( 18248) load[0m
[0;32mI (229) esp_image: segment 5: paddr=0008700c vaddr=50000000 size=00028h (    40) load[0m
[0;32mI (235) boot: Loaded app from partition at offset 0x10000[0m
[0;32mI (235) boot: Disabling RNG early entropy source...[0m
[0;32mI (249) cpu_start: Multicore app[0m
[0;32mI (257) cpu_start: GPIO 3 and 1 are used as console UART I/O pins[0m
[0;32mI (257) cpu_start: Pro cpu start user code[0m
[0;32mI (257) cpu_start: cpu freq: 160000000 Hz[0m
[0;32mI (259) app_init: Application information:[0m
[0;32mI (263) app_init: Project name:     micro_speech[0m
[0;32mI (267) app_init: App version:      1[0m
[0;32mI (271) app_init: Compile time:     Mar 18 2026 23:13:21[0m
[0;32mI (276) app_init: ELF file SHA256:  b0922249b...[0m
[0;32mI (280) app_init: ESP-IDF:          v6.1-dev-2938-g12f36a021f[0m
[0;32mI (285) efuse_init: Min chip rev:     v0.0[0m
[0;32mI (289) efuse_init: Max chip rev:     v3.99 [0m
[0;32mI (293) efuse_init: Chip rev:         v3.1[0m
[0;32mI (297) heap_init: Initializing. RAM available for dynamic allocation:[0m
[0;32mI (303) heap_init: At 3FFAE6E0 len 00001920 (6 KiB): DRAM[0m
[0;32mI (308) heap_init: At 3FFD0F38 len 0000F0C8 (60 KiB): DRAM[0m
[0;32mI (314) heap_init: At 3FFE0440 len 00003AE0 (14 KiB): D/IRAM[0m
[0;32mI (319) heap_init: At 3FFE4350 len 0001BCB0 (111 KiB): D/IRAM[0m
[0;32mI (325) heap_init: At 40089FB4 len 0001604C (88 KiB): IRAM[0m
[0;32mI (330) spi_flash: detected chip: generic[0m
[0;32mI (333) spi_flash: flash io: qio[0m
[0;33mW (336) spi_flash: Detected size(4096k) larger than the size in the binary image header(2048k). Using the size in the binary image header.[0m
[0;32mI (349) main_task: Started on CPU0[0m
[0;32mI (359) main_task: Calling app_main()[0m
Didn't find op for builtin opcode 'CONV_2D'
Failed to get registration from op code CONV_2D
 
AllocateTensors() failed
Guru Meditation Error: Core  0 panic'ed (StoreProhibited). Exception was unhandled.

Core  0 register dump:
PC      : 0x4000c2e4  PS      : 0x00060630  A0      : 0x800d668c  A1      : 0x3ffd45e0  
A2      : 0x00000000  A3      : 0x3f40b5dc  A4      : 0x000007a8  A5      : 0x00000000  
A6      : 0x5f766274  A7      : 0x5165556a  A8      : 0x00000000  A9      : 0x3ffd4cc0  
A10     : 0x3f400a94  A11     : 0x3ffd4d50  A12     : 0x3ffd4d30  A13     : 0x00000004  
A14     : 0x3f42c9c4  A15     : 0x00000020  SAR     : 0x0000001d  EXCCAUSE: 0x0000001d  
EXCVADDR: 0x00000000  LBEG    : 0x4000c2e0  LEND    : 0x4000c2f6  LCOUNT  : 0x00000079  


Backtrace: 0x4000c2e1:0x3ffd45e0 0x400d6689:0x3ffd45f0 0x400d6132:0x3ffd4dd0




ELF file SHA256: b0922249b

Rebooting...
ets Jul 29 2019 12:21:46

rst:0xc (SW_CPU_RESET),boot:0x13 (SPI_FAST_FLASH_BOOT)
configsip: 0, SPIWP:0xee
clk_drv:0x00,q_drv:0x00,d_drv:0x00,cs0_drv:0x00,hd_drv:0x00,wp_drv:0x00
mode:DIO, clock div:1
load:0x3fff0040,len:6596
load:0x40078000,len:16752
ho 0 tail 12 room 4
load:0x40080400,len:4348
entry 0x40080664
[0;32mI (29) boot: ESP-IDF v6.1-dev-2938-g12f36a021f 2nd stage bootloader[0m
[0;32mI (29) boot: compile time Mar 18 2026 23:14:15[0m
[0;32mI (29) boot: Multicore bootloader[0m
[0;32mI (32) boot: chip revision: v3.1[0m
[0;32mI (35) qio_mode: Enabling default flash chip QIO[0m
[0;32mI (39) boot.esp32: SPI Speed      : 80MHz[0m
[0;32mI (43) boot.esp32: SPI Mode       : QIO[0m
[0;32mI (47) boot.esp32: SPI Flash Size : 2MB[0m
[0;32mI (50) boot: Enabling RNG early entropy source...[0m
[0;32mI (55) boot: Partition Table:[0m
[0;32mI (57) boot: ## Label            Usage          Type ST Offset   Length[0m
[0;32mI (64) boot:  0 nvs              WiFi data        01 02 00009000 00006000[0m
[0;32mI (70) boot:  1 phy_init         RF data          01 01 0000f000 00001000[0m
[0;32mI (77) boot:  2 factory          factory app      00 00 00010000 00100000[0m
[0;32mI (83) boot: End of partition table[0m
[0;32mI (86) esp_image: segment 0: paddr=00010020 vaddr=3f400020 size=37ef0h (229104) map[0m
[0;32mI (156) esp_image: segment 1: paddr=00047f18 vaddr=3ffb0000 size=0288ch ( 10380) load[0m
[0;32mI (159) esp_image: segment 2: paddr=0004a7ac vaddr=40080000 size=0586ch ( 22636) load[0m
[0;32mI (167) esp_image: segment 3: paddr=00050020 vaddr=400d0020 size=32894h (206996) map[0m
[0;32mI (223) esp_image: segment 4: paddr=000828bc vaddr=4008586c size=04748h ( 18248) load[0m
[0;32mI (229) esp_image: segment 5: paddr=0008700c vaddr=50000000 size=00028h (    40) load[0m
[0;32mI (235) boot: Loaded app from partition at offset 0x10000[0m
[0;32mI (235) boot: Disabling RNG early entropy source...[0m
[0;32mI (249) cpu_start: Multicore app[0m
[0;32mI (257) cpu_start: GPIO 3 and 1 are used as console UART I/O pins[0m
[0;32mI (257) cpu_start: Pro cpu start user code[0m
[0;32mI (257) cpu_start: cpu freq: 160000000 Hz[0m
[0;32mI (259) app_init: Application information:[0m
[0;32mI (263) app_init: Project name:     micro_speech[0m
[0;32mI (267) app_init: App version:      1[0m
[0;32mI (270) app_init: Compile time:     Mar 18 2026 23:13:21[0m
[0;32mI (276) app_init: ELF file SHA256:  b0922249b...[0m
[0;32mI (280) app_init: ESP-IDF:          v6.1-dev-2938-g12f36a021f[0m
[0;32mI (285) efuse_init: Min chip rev:     v0.0[0m
[0;32mI (289) efuse_init: Max chip rev:     v3.99 [0m
[0;32mI (293) efuse_init: Chip rev:         v3.1[0m
[0;32mI (297) heap_init: Initializing. RAM available for dynamic allocation:[0m
[0;32mI (303) heap_init: At 3FFAE6E0 len 00001920 (6 KiB): DRAM[0m
[0;32mI (308) heap_init: At 3FFD0F38 len 0000F0C8 (60 KiB): DRAM[0m
[0;32mI (314) heap_init: At 3FFE0440 len 00003AE0 (14 KiB): D/IRAM[0m
[0;32mI (319) heap_init: At 3FFE4350 len 0001BCB0 (111 KiB): D/IRAM[0m
[0;32mI (324) heap_init: At 40089FB4 len 0001604C (88 KiB): IRAM[0m
[0;32mI (330) spi_flash: detected chip: generic[0m
[0;32mI (333) spi_flash: flash io: qio[0m
[0;33mW (336) spi_flash: Detected size(4096k) larger than the size in the binary image header(2048k). Using the size in the binary image header.[0m
[0;32mI (349) main_task: Started on CPU0[0m
[0;32mI (359) main_task: Calling app_main()[0m
Didn't find op for builtin opcode 'CONV_2D'
Failed to get registration from op code CONV_2D
 
AllocateTensors() failed
Guru Meditation Error: Core  0 panic'ed (StoreProhibited). Exception was unhandled.

Core  0 register dump:
PC      : 0x4000c2e4  PS      : 0x00060630  A0      : 0x800d668c  A1      : 0x3ffd45e0  
A2      : 0x00000000  A3      : 0x3f40b5dc  A4      : 0x000007a8  A5      : 0x00000000  
A6      : 0x5f766274  A7      : 0x5165556a  A8      : 0x00000000  A9      : 0x3ffd4cc0  
A10     : 0x3f400a94  A11     : 0x3ffd4d50  A12     : 0x3ffd4d30  A13     : 0x00000004  
A14     : 0x3f42c9c4  A15     : 0x00000020  SAR     : 0x0000001d  EXCCAUSE: 0x0000001d  
EXCVADDR: 0x00000000  LBEG    : 0x4000c2e0  LEND    : 0x4000c2f6  LCOUNT  : 0x00000079  


Backtrace: 0x4000c2e1:0x3ffd45e0 0x400d6689:0x3ffd45f0 0x400d6132:0x3ffd4dd0




ELF file SHA256: b0922249b

Rebooting...
ets Jul 29 2019 12:21:46

rst:0xc (SW_CPU_RESET),boot:0x13 (SPI_FAST_FLASH_BOOT)
configsip: 0, SPIWP:0xee
clk_drv:0x00,q_drv:0x00,d_drv:0x00,cs0_drv:0x00,hd_drv:0x00,wp_drv:0x00
mode:DIO, clock div:1
load:0x3fff0040,len:6596
load:0x40078000,len:16752
ho 0 tail 12 room 4
load:0x40080400,len:4348
entry 0x40080664
[0;32mI (29) boot: ESP-IDF v6.1-dev-2938-g12f36a021f 2nd stage bootloader[0m
[0;32mI (29) boot: compile time Mar 18 2026 23:14:15[0m
[0;32mI (29) boot: Multicore bootloader[0m
[0;32mI (32) boot: chip revision: v3.1[0m
[0;32mI (35) qio_mode: Enabling default flash chip QIO[0m
[0;32mI (39) boot.esp32: SPI Speed      : 80MHz[0m
[0;32mI (43) boot.esp32: SPI Mode       : QIO[0m
[0;32mI (47) boot.esp32: SPI Flash Size : 2MB[0m
[0;32mI (50) boot: Enabling RNG early entropy source...[0m
[0;32mI (55) boot: Partition Table:[0m
[0;32mI (57) boot: ## Label            Usage          Type ST Offset   Length[0m
[0;32mI (64) boot:  0 nvs              WiFi data        01 02 00009000 00006000[0m
[0;32mI (70) boot:  1 phy_init         RF data          01 01 0000f000 00001000[0m
[0;32mI (77) boot:  2 factory          factory app      00 00 00010000 00100000[0m
[0;32mI (83) boot: End of partition table[0m
[0;32mI (86) esp_image: segment 0: paddr=00010020 vaddr=3f400020 size=37ef0h (229104) map[0m
[0;32mI (156) esp_image: segment 1: paddr=00047f18 vaddr=3ffb0000 size=0288ch ( 10380) load[0m
[0;32mI (159) esp_image: segment 2: paddr=0004a7ac vaddr=40080000 size=0586ch ( 22636) load[0m
[0;32mI (167) esp_image: segment 3: paddr=00050020 vaddr=400d0020 size=32894h (206996) map[0m
[0;32mI (223) esp_image: segment 4: paddr=000828bc vaddr=4008586c size=04748h ( 18248) load[0m
[0;32mI (229) esp_image: segment 5: paddr=0008700c vaddr=50000000 size=00028h (    40) load[0m
[0;32mI (235) boot: Loaded app from partition at offset 0x10000[0m
[0;32mI (235) boot: Disabling RNG early entropy source...[0m
[0;32mI (249) cpu_start: Multicore app[0m
[0;32mI (257) cpu_start: GPIO 3 and 1 are used as console UART I/O pins[0m
[0;32mI (257) cpu_start: Pro cpu start user code[0m
[0;32mI (257) cpu_start: cpu freq: 160000000 Hz[0m
[0;32mI (259) app_init: Application information:[0m
[0;32mI (263) app_init: Project name:     micro_speech[0m
[0;32mI (267) app_init: App version:      1[0m
[0;32mI (270) app_init: Compile time:     Mar 18 2026 23:13:21[0m
[0;32mI (276) app_init: ELF file SHA256:  b0922249b...[0m
[0;32mI (280) app_init: ESP-IDF:          v6.1-dev-2938-g12f36a021f[0m
[0;32mI (285) efuse_init: Min chip rev:     v0.0[0m
[0;32mI (289) efuse_init: Max chip rev:     v3.99 [0m
[0;32mI (293) efuse_init: Chip rev:         v3.1[0m
[0;32mI (297) heap_init: Initializing. RAM available for dynamic allocation:[0m
[0;32mI (303) heap_init: At 3FFAE6E0 len 00001920 (6 KiB): DRAM[0m
[0;32mI (308) heap_init: At 3FFD0F38 len 0000F0C8 (60 KiB): DRAM[0m
[0;32mI (314) heap_init: At 3FFE0440 len 00003AE0 (14 KiB): D/IRAM[0m
[0;32mI (319) heap_init: At 3FFE4350 len 0001BCB0 (111 KiB): D/IRAM[0m
[0;32mI (324) heap_init: At 40089FB4 len 0001604C (88 KiB): IRAM[0m
[0;32mI (330) spi_flash: detected chip: generic[0m
[0;32mI (333) spi_flash: flash io: qio[0m
[0;33mW (336) spi_flash: Detected size(4096k) larger than the size in the binary image header(2048k). Using the size in the binary image header.[0m
[0;32mI (349) main_task: Started on CPU0[0m
[0;32mI (359) main_task: Calling app_main()[0m
Didn't find op for builtin opcode 'CONV_2D'
Failed to get registration from op code CONV_2D
 
AllocateTensors() failed
Guru Meditation Error: Core  0 panic'ed (StoreProhibited). Exception was unhandled.

Core  0 register dump:
PC      : 0x4000c2e4  PS      : 0x00060630  A0      : 0x800d668c  A1      : 0x3ffd45e0  
A2      : 0x00000000  A3      : 0x3f40b5dc  A4      : 0x000007a8  A5      : 0x00000000  
A6      : 0x5f766274  A7      : 0x5165556a  A8      : 0x00000000  A9      : 0x3ffd4cc0  
A10     : 0x3f400a94  A11     : 0x3ffd4d50  A12     : 0x3ffd4d30  A13     : 0x00000004  
A14     : 0x3f42c9c4  A15     : 0x00000020  SAR     : 0x0000001d  EXCCAUSE: 0x0000001d  
EXCVADDR: 0x00000000  LBEG    : 0x4000c2e0  LEND    : 0x4000c2f6  LCOUNT  : 0x00000079  


Backtrace: 0x4000c2e1:0x3ffd45e0 0x400d6689:0x3ffd45f0 0x400d6132:0x3ffd4dd0




ELF file SHA256: b0922249b

Rebooting...
ets Jul 29 2019 12:21:46

rst:0xc (SW_CPU_RESET),boot:0x13 (SPI_FAST_FLASH_BOOT)
configsip: 0, SPIWP:0xee
clk_drv:0x00,q_drv:0x00,d_drv:0x00,cs0_drv:0x00,hd_drv:0x00,wp_drv:0x00
mode:DIO, clock div:1
load:0x3fff0040,len:6596
load:0x40078000,len:16752
ho 0 tail 12 room 4
load:0x40080400,len:4348
entry 0x40080664
[0;32mI (29) boot: ESP-IDF v6.1-dev-2938-g12f36a021f 2nd stage bootloader[0m
[0;32mI (29) boot: compile time Mar 18 2026 23:14:15[0m
[0;32mI (29) boot: Multicore bootloader[0m
[0;32mI (32) boot: chip revision: v3.1[0m
[0;32mI (35) qio_mode: Enabling default flash chip QIO[0m
[0;32mI (39) boot.esp32: SPI Speed      : 80MHz[0m
[0;32mI (43) boot.esp32: SPI Mode       : QIO[0m
[0;32mI (47) boot.esp32: SPI Flash Size : 2MB[0m
[0;32mI (50) boot: Enabling RNG early entropy source...[0m
[0;32mI (55) boot: Partition Table:[0m
[0;32mI (57) boot: ## Label            Usage          Type ST Offset   Length[0m
[0;32mI (64) boot:  0 nvs              WiFi data        01 02 00009000 00006000[0m
[0;32mI (70) boot:  1 phy_init         RF data          01 01 0000f000 00001000[0m
[0;32mI (77) boot:  2 factory          factory app      00 00 00010000 00100000[0m
[0;32mI (83) boot: End of partition table[0m
[0;32mI (86) esp_image: segment 0: paddr=00010020 vaddr=3f400020 size=37ef0h (229104) map[0m
[0;32mI (156) esp_image: segment 1: paddr=00047f18 vaddr=3ffb0000 size=0288ch ( 10380) load[0m
[0;32mI (159) esp_image: segment 2: paddr=0004a7ac vaddr=40080000 size=0586ch ( 22636) load[0m
[0;32mI (167) esp_image: segment 3: paddr=00050020 vaddr=400d0020 size=32894h (206996) map[0m
[0;32mI (223) esp_image: segment 4: paddr=000828bc vaddr=4008586c size=04748h ( 18248) load[0m
[0;32mI (229) esp_image: segment 5: paddr=0008700c vaddr=50000000 size=00028h (    40) load[0m
[0;32mI (235) boot: Loaded app from partition at offset 0x10000[0m
[0;32mI (235) boot: Disabling RNG early entropy source...[0m
[0;32mI (249) cpu_start: Multicore app[0m
[0;32mI (257) cpu_start: GPIO 3 and 1 are used as console UART I/O pins[0m
[0;32mI (257) cpu_start: Pro cpu start user code[0m
[0;32mI (257) cpu_start: cpu freq: 160000000 Hz[0m
[0;32mI (259) app_init: Application information:[0m
[0;32mI (263) app_init: Project name:     micro_speech[0m
[0;32mI (267) app_init: App version:      1[0m
[0;32mI (270) app_init: Compile time:     Mar 18 2026 23:13:21[0m
[0;32mI (276) app_init: ELF file SHA256:  b0922249b...[0m
[0;32mI (280) app_init: ESP-IDF:          v6.1-dev-2938-g12f36a021f[0m
[0;32mI (285) efuse_init: Min chip rev:     v0.0[0m
[0;32mI (289) efuse_init: Max chip rev:     v3.99 [0m
[0;32mI (293) efuse_init: Chip rev:         v3.1[0m
[0;32mI (297) heap_init: Initializing. RAM available for dynamic allocation:[0m
[0;32mI (303) heap_init: At 3FFAE6E0 len 00001920 (6 KiB): DRAM[0m
[0;32mI (308) heap_init: At 3FFD0F38 len 0000F0C8 (60 KiB): DRAM[0m
[0;32mI (314) heap_init: At 3FFE0440 len 00003AE0 (14 KiB): D/IRAM[0m
[0;32mI (319) heap_init: At 3FFE4350 len 0001BCB0 (111 KiB): D/IRAM[0m
[0;32mI (324) heap_init: At 40089FB4 len 0001604C (88 KiB): IRAM[0m
[0;32mI (330) spi_flash: detected chip: generic[0m
[0;32mI (333) spi_flash: flash io: qio[0m
[0;33mW (336) spi_flash: Detected size(4096k) larger than the size in the binary image header(2048k). Using the size in the binary image header.[0m
[0;32mI (349) main_task: Started on CPU0[0m
[0;32mI (359) main_task: Calling app_main()[0m
Didn't find op for builtin opcode 'CONV_2D'
Failed to get registration from op code CONV_2D
 
AllocateTensors() failed
Guru Meditation Error: Core  0 panic'ed (StoreProhibited). Exception was unhandled.

Core  0 register dump:
PC      : 0x4000c2e4  PS      : 0x00060630  A0      : 0x800d668c  A1      : 0x3ffd45e0  
A2      : 0x00000000  A3      : 0x3f40b5dc  A4      : 0x000007a8  A5      : 0x00000000  
A6      : 0x5f766274  A7      : 0x5165556a  A8      : 0x00000000  A9      : 0x3ffd4cc0  
A10     : 0x3f400a94  A11     : 0x3ffd4d50  A12     : 0x3ffd4d30  A13     : 0x00000004  
A14     : 0x3f42c9c4  A15     : 0x00000020  SAR     : 0x0000001d  EXCCAUSE: 0x0000001d  
EXCVADDR: 0x00000000  LBEG    : 0x4000c2e0  LEND    : 0x4000c2f6  LCOUNT  : 0x00000079  


Backtrace: 0x4000c2e1:0x3ffd45e0 0x400d6689:0x3ffd45f0 0x400d6132:0x3ffd4dd0




ELF file SHA256: b0922249b

Rebooting...
ets Jul 29 2019 12:21:46

rst:0xc (SW_CPU_RESET),boot:0x13 (SPI_FAST_FLASH_BOOT)
configsip: 0, SPIWP:0xee
clk_drv:0x00,q_drv:0x00,d_drv:0x00,cs0_drv:0x00,hd_drv:0x00,wp_drv:0x00
mode:DIO, clock div:1
load:0x3fff0040,len:6596
load:0x40078000,len:16752
ho 0 tail 12 room 4
load:0x40080400,len:4348
entry 0x40080664
[0;32mI (29) boot: ESP-IDF v6.1-dev-2938-g12f36a021f 2nd stage bootloader[0m
[0;32mI (29) boot: compile time Mar 18 2026 23:14:15[0m
[0;32mI (29) boot: Multicore bootloader[0m
[0;32mI (32) boot: chip revision: v3.1[0m
[0;32mI (35) qio_mode: Enabling default flash chip QIO[0m
[0;32mI (39) boot.esp32: SPI Speed      : 80MHz[0m
[0;32mI (43) boot.esp32: SPI Mode       : QIO[0m
[0;32mI (47) boot.esp32: SPI Flash Size : 2MB[0m
[0;32mI (50) boot: Enabling RNG early entropy source...[0m
[0;32mI (55) boot: Partition Table:[0m
[0;32mI (57) boot: ## Label            Usage          Type ST Offset   Length[0m
[0;32mI (64) boot:  0 nvs              WiFi data        01 02 00009000 00006000[0m
[0;32mI (70) boot:  1 phy_init         RF data          01 01 0000f000 00001000[0m
[0;32mI (77) boot:  2 factory          factory app      00 00 00010000 00100000[0m
[0;32mI (83) boot: End of partition table[0m
[0;32mI (86) esp_image: segment 0: paddr=00010020 vaddr=3f400020 size=37ef0h (229104) map[0m
[0;32mI (156) esp_image: segment 1: paddr=00047f18 vaddr=3ffb0000 size=0288ch ( 10380) load[0m
[0;32mI (159) esp_image: segment 2: paddr=0004a7ac vaddr=40080000 size=0586ch ( 22636) load[0m
[0;32mI (167) esp_image: segment 3: paddr=00050020 vaddr=400d0020 size=32894h (206996) map[0m
[0;32mI (223) esp_image: segment 4: paddr=000828bc vaddr=4008586c size=04748h ( 18248) load[0m
[0;32mI (229) esp_image: segment 5: paddr=0008700c vaddr=50000000 size=00028h (    40) load[0m
[0;32mI (235) boot: Loaded app from partition at offset 0x10000[0m
[0;32mI (235) boot: Disabling RNG early entropy source...[0m
[0;32mI (249) cpu_start: Multicore app[0m
[0;32mI (257) cpu_start: GPIO 3 and 1 are used as console UART I/O pins[0m
[0;32mI (257) cpu_start: Pro cpu start user code[0m
[0;32mI (257) cpu_start: cpu freq: 160000000 Hz[0m
[0;32mI (259) app_init: Application information:[0m
[0;32mI (263) app_init: Project name:     micro_speech[0m
[0;32mI (267) app_init: App version:      1[0m
[0;32mI (270) app_init: Compile time:     Mar 18 2026 23:13:21[0m
[0;32mI (276) app_init: ELF file SHA256:  b0922249b...[0m
[0;32mI (280) app_init: ESP-IDF:          v6.1-dev-2938-g12f36a021f[0m
[0;32mI (285) efuse_init: Min chip rev:     v0.0[0m
[0;32mI (289) efuse_init: Max chip rev:     v3.99 [0m
[0;32mI (293) efuse_init: Chip rev:         v3.1[0m
[0;32mI (297) heap_init: Initializing. RAM available for dynamic allocation:[0m
[0;32mI (303) heap_init: At 3FFAE6E0 len 00001920 (6 KiB): DRAM[0m
[0;32mI (308) heap_init: At 3FFD0F38 len 0000F0C8 (60 KiB): DRAM[0m
[0;32mI (314) heap_init: At 3FFE0440 len 00003AE0 (14 KiB): D/IRAM[0m
[0;32mI (319) heap_init: At 3FFE4350 len 0001BCB0 (111 KiB): D/IRAM[0m
[0;32mI (324) heap_init: At 40089FB4 len 0001604C (88 KiB): IRAM[0m
[0;32mI (330) spi_flash: detected chip: generic[0m
[0;32mI (333) spi_flash: flash io: qio[0m
[0;33mW (336) spi_flash: Detected size(4096k) larger than the size in the binary image header(2048k). Using the size in the binary image header.[0m
[0;32mI (349) main_task: Started on CPU0[0m
[0;32mI (359) main_task: Calling app_main()[0m
Didn't find op for builtin opcode 'CONV_2D'
Failed to get registration from op code CONV_2D
 
AllocateTensors() failed
Guru Meditation Error: Core  0 panic'ed (StoreProhibited). Exception was unhandled.

Core  0 register dump:
PC      : 0x4000c2e4  PS      : 0x00060630  A0      : 0x800d668c  A1      : 0x3ffd45e0  
A2      : 0x00000000  A3      : 0x3f40b5dc  A4      : 0x000007a8  A5      : 0x00000000  
A6      : 0x5f766274  A7      : 0x5165556a  A8      : 0x00000000  A9      : 0x3ffd4cc0  
A10     : 0x3f400a94  A11     : 0x3ffd4d50  A12     : 0x3ffd4d30  A13     : 0x00000004  
A14     : 0x3f42c9c4  A15     : 0x00000020  SAR     : 0x0000001d  EXCCAUSE: 0x0000001d  
EXCVADDR: 0x00000000  LBEG    : 0x4000c2e0  LEND    : 0x4000c2f6  LCOUNT  : 0x00000079  


Backtrace: 0x4000c2e1:0x3ffd45e0 0x400d6689:0x3ffd45f0 0x400d6132:0x3ffd4dd0




ELF file SHA256: b0922249b

Rebooting...
ets Jul 29 2019 12:21:46

rst:0xc (SW_CPU_RESET),boot:0x13 (SPI_FAST_FLASH_BOOT)
configsip: 0, SPIWP:0xee
clk_drv:0x00,q_drv:0x00,d_drv:0x00,cs0_drv:0x00,hd_drv:0x00,wp_drv:0x00
mode:DIO, clock div:1
load:0x3fff0040,len:6596
load:0x40078000,len:16752
ho 0 tail 12 room 4
load:0x40080400,len:4348
entry 0x40080664
[0;32mI (29) boot: ESP-IDF v6.1-dev-2938-g12f36a021f 2nd stage bootloader[0m
[0;32mI (29) boot: compile time Mar 18 2026 23:14:15[0m
[0;32mI (29) boot: Multicore bootloader[0m
[0;32mI (32) boot: chip revision: v3.1[0m
[0;32mI (35) qio_mode: Enabling default flash chip QIO[0m
[0;32mI (39) boot.esp32: SPI Speed      : 80MHz[0m
[0;32mI (43) boot.esp32: SPI Mode       : QIO[0m
[0;32mI (47) boot.esp32: SPI Flash Size : 2MB[0m
[0;32mI (50) boot: Enabling RNG early entropy source...[0m
[0;32mI (55) boot: Partition Table:[0m
[0;32mI (57) boot: ## Label            Usage          Type ST Offset   Length[0m
[0;32mI (64) boot:  0 nvs              WiFi data        01 02 00009000 00006000[0m
[0;32mI (70) boot:  1 phy_init         RF data          01 01 0000f000 00001000[0m
[0;32mI (77) boot:  2 factory          factory app      00 00 00010000 00100000[0m
[0;32mI (83) boot: End of partition table[0m
[0;32mI (86) esp_image: segment 0: paddr=00010020 vaddr=3f400020 size=37ef0h (229104) map[0m
[0;32mI (156) esp_image: segment 1: paddr=00047f18 vaddr=3ffb0000 size=0288ch ( 10380) load[0m
[0;32mI (159) esp_image: segment 2: paddr=0004a7ac vaddr=40080000 size=0586ch ( 22636) load[0m
[0;32mI (167) esp_image: segment 3: paddr=00050020 vaddr=400d0020 size=32894h (206996) map[0m
[0;32mI (223) esp_image: segment 4: paddr=000828bc vaddr=4008586c size=04748h ( 18248) load[0m
[0;32mI (229) esp_image: segment 5: paddr=0008700c vaddr=50000000 size=00028h (    40) load[0m
[0;32mI (235) boot: Loaded app from partition at offset 0x10000[0m
[0;32mI (235) boot: Disabling RNG early entropy source...[0m
[0;32mI (249) cpu_start: Multicore app[0m
[0;32mI (257) cpu_start: GPIO 3 and 1 are used as console UART I/O pins[0m
[0;32mI (257) cpu_start: Pro cpu start user code[0m
[0;32mI (257) cpu_start: cpu freq: 160000000 Hz[0m
[0;32mI (259) app_init: Application information:[0m
[0;32mI (263) app_init: Project name:     micro_speech[0m
[0;32mI (267) app_init: App version:      1[0m
[0;32mI (270) app_init: Compile time:     Mar 18 2026 23:13:21[0m
[0;32mI (276) app_init: ELF file SHA256:  b0922249b...[0m
[0;32mI (280) app_init: ESP-IDF:          v6.1-dev-2938-g12f36a021f[0m
[0;32mI (285) efuse_init: Min chip rev:     v0.0[0m
[0;32mI (289) efuse_init: Max chip rev:     v3.99 [0m
[0;32mI (293) efuse_init: Chip rev:         v3.1[0m
[0;32mI (297) heap_init: Initializing. RAM available for dynamic allocation:[0m
[0;32mI (303) heap_init: At 3FFAE6E0 len 00001920 (6 KiB): DRAM[0m
[0;32mI (308) heap_init: At 3FFD0F38 len 0000F0C8 (60 KiB): DRAM[0m
[0;32mI (314) heap_init: At 3FFE0440 len 00003AE0 (14 KiB): D/IRAM[0m
[0;32mI (319) heap_init: At 3FFE4350 len 0001BCB0 (111 KiB): D/IRAM[0m
[0;32mI (324) heap_init: At 40089FB4 len 0001604C (88 KiB): IRAM[0m
[0;32mI (330) spi_flash: detected chip: generic[0m
[0;32mI (333) spi_flash: flash io: qio[0m
[0;33mW (336) spi_flash: Detected size(4096k) larger than the size in the binary image header(2048k). Using the size in the binary image header.[0m
[0;32mI (349) main_task: Started on CPU0[0m
[0;32mI (359) main_task: Calling app_main()[0m
Didn't find op for builtin opcode 'CONV_2D'
Failed to get registration from op code CONV_2D
 
AllocateTensors() failed
Guru Meditation Error: Core  0 panic'ed (StoreProhibited). Exception was unhandled.

Core  0 register dump:
PC      : 0x4000c2e4  PS      : 0x00060630  A0      : 0x800d668c  A1      : 0x3ffd45e0  
A2      : 0x00000000  A3      : 0x3f40b5dc  A4      : 0x000007a8  A5      : 0x00000000  
A6      : 0x5f766274  A7      : 0x5165556a  A8      : 0x00000000  A9      : 0x3ffd4cc0  
A10     : 0x3f400a94  A11     : 0x3ffd4d50  A12     : 0x3ffd4d30  A13     : 0x00000004  
A14     : 0x3f42c9c4  A15     : 0x00000020  SAR     : 0x0000001d  EXCCAUSE: 0x0000001d  
EXCVADDR: 0x00000000  LBEG    : 0x4000c2e0  LEND    : 0x4000c2f6  LCOUNT  : 0x00000079  


Backtrace: 0x4000c2e1:0x3ffd45e0 0x400d6689:0x3ffd45f0 0x400d6132:0x3ffd4dd0




ELF file SHA256: b0922249b

Rebooting...
ets Jul 29 2019 12:21:46

rst:0xc (SW_CPU_RESET),boot:0x13 (SPI_FAST_FLASH_BOOT)
configsip: 0, SPIWP:0xee
clk_drv:0x00,q_drv:0x00,d_drv:0x00,cs0_drv:0x00,hd_drv:0x00,wp_drv:0x00
mode:DIO, clock div:1
load:0x3fff0040,len:6596
load:0x40078000,len:16752
ho 0 tail 12 room 4
load:0x40080400,len:4348
entry 0x40080664
[0;32mI (29) boot: ESP-IDF v6.1-dev-2938-g12f36a021f 2nd stage bootloader[0m
[0;32mI (29) boot: compile time Mar 18 2026 23:14:15[0m
[0;32mI (29) boot: Multicore bootloader[0m
[0;32mI (32) boot: chip revision: v3.1[0m
[0;32mI (35) qio_mode: Enabling default flash chip QIO[0m
[0;32mI (39) boot.esp32: SPI Speed      : 80MHz[0m
[0;32mI (43) boot.esp32: SPI Mode       : QIO[0m
[0;32mI (47) boot.esp32: SPI Flash Size : 2MB[0m
[0;32mI (50) boot: Enabling RNG early entropy source...[0m
[0;32mI (55) boot: Partition Table:[0m
[0;32mI (57) boot: ## Label            Usage          Type ST Offset   Length[0m
[0;32mI (64) boot:  0 nvs              WiFi data        01 02 00009000 00006000[0m
[0;32mI (70) boot:  1 phy_init         RF data          01 01 0000f000 00001000[0m
[0;32mI (77) boot:  2 factory          factory app      00 00 00010000 00100000[0m
[0;32mI (83) boot: End of partition table[0m
[0;32mI (86) esp_image: segment 0: paddr=00010020 vaddr=3f400020 size=37ef0h (229104) map[0m
[0;32mI (156) esp_image: segment 1: paddr=00047f18 vaddr=3ffb0000 size=0288ch ( 10380) load[0m
[0;32mI (159) esp_image: segment 2: paddr=0004a7ac vaddr=40080000 size=0586ch ( 22636) load[0m
[0;32mI (167) esp_image: segment 3: paddr=00050020 vaddr=400d0020 size=32894h (206996) map[0m
[0;32mI (223) esp_image: segment 4: paddr=000828bc vaddr=4008586c size=04748h ( 18248) load[0m
[0;32mI (229) esp_image: segment 5: paddr=0008700c vaddr=50000000 size=00028h (    40) load[0m
[0;32mI (235) boot: Loaded app from partition at offset 0x10000[0m
[0;32mI (235) boot: Disabling RNG early entropy source...[0m
[0;32mI (249) cpu_start: Multicore app[0m
[0;32mI (257) cpu_start: GPIO 3 and 1 are used as console UART I/O pins[0m
[0;32mI (257) cpu_start: Pro cpu start user code[0m
[0;32mI (257) cpu_start: cpu freq: 160000000 Hz[0m
[0;32mI (259) app_init: Application information:[0m
[0;32mI (263) app_init: Project name:     micro_speech[0m
[0;32mI (267) app_init: App version:      1[0m
[0;32mI (270) app_init: Compile time:     Mar 18 2026 23:13:21[0m
[0;32mI (276) app_init: ELF file SHA256:  b0922249b...[0m
[0;32mI (280) app_init: ESP-IDF:          v6.1-dev-2938-g12f36a021f[0m
[0;32mI (285) efuse_init: Min chip rev:     v0.0[0m
[0;32mI (289) efuse_init: Max chip rev:     v3.99 [0m
[0;32mI (293) efuse_init: Chip rev:         v3.1[0m
[0;32mI (297) heap_init: Initializing. RAM available for dynamic allocation:[0m
[0;32mI (303) heap_init: At 3FFAE6E0 len 00001920 (6 KiB): DRAM[0m
[0;32mI (308) heap_init: At 3FFD0F38 len 0000F0C8 (60 KiB): DRAM[0m
[0;32mI (314) heap_init: At 3FFE0440 len 00003AE0 (14 KiB): D/IRAM[0m
[0;32mI (319) heap_init: At 3FFE4350 len 0001BCB0 (111 KiB): D/IRAM[0m
[0;32mI (324) heap_init: At 40089FB4 len 0001604C (88 KiB): IRAM[0m
[0;32mI (330) spi_flash: detected chip: generic[0m
[0;32mI (333) spi_flash: flash io: qio[0m
[0;33mW (336) spi_flash: Detected size(4096k) larger than the size in the binary image header(2048k). Using the size in the binary image header.[0m
[0;32mI (349) main_task: Started on CPU0[0m
[0;32mI (359) main_task: Calling app_main()[0m
Didn't find op for builtin opcode 'CONV_2D'
Failed to get registration from op code CONV_2D
 
AllocateTensors() failed
Guru Meditation Error: Core  0 panic'ed (StoreProhibited). Exception was unhandled.

Core  0 register dump:
PC      : 0x4000c2e4  PS      : 0x00060630  A0      : 0x800d668c  A1      : 0x3ffd45e0  
A2      : 0x00000000  A3      : 0x3f40b5dc  A4      : 0x000007a8  A5      : 0x00000000  
A6      : 0x5f766274  A7      : 0x5165556a  A8      : 0x00000000  A9      : 0x3ffd4cc0  
A10     : 0x3f400a94  A11     : 0x3ffd4d50  A12     : 0x3ffd4d30  A13     : 0x00000004  
A14     : 0x3f42c9c4  A15     : 0x00000020  SAR     : 0x0000001d  EXCCAUSE: 0x0000001d  
EXCVADDR: 0x00000000  LBEG    : 0x4000c2e0  LEND    : 0x4000c2f6  LCOUNT  : 0x00000079  


Backtrace: 0x4000c2e1:0x3ffd45e0 0x400d6689:0x3ffd45f0 0x400d6132:0x3ffd4dd0




ELF file SHA256: b0922249b

Rebooting...
ets Jul 29 2019 12:21:46

rst:0xc (SW_CPU_RESET),boot:0x13 (SPI_FAST_FLASH_BOOT)
configsip: 0, SPIWP:0xee
clk_drv:0x00,q_drv:0x00,d_drv:0x00,cs0_drv:0x00,hd_drv:0x00,wp_drv:0x00
mode:DIO, clock div:1
load:0x3fff0040,len:6596
load:0x40078000,len:16752
ho 0 tail 12 room 4
load:0x40080400,len:4348
entry 0x40080664
[0;32mI (29) boot: ESP-IDF v6.1-dev-2938-g12f36a021f 2nd stage bootloader[0m
[0;32mI (29) boot: compile time Mar 18 2026 23:14:15[0m
[0;32mI (29) boot: Multicore bootloader[0m
[0;32mI (32) boot: chip revision: v3.1[0m
[0;32mI (35) qio_mode: Enabling default flash chip QIO[0m
[0;32mI (39) boot.esp32: SPI Speed      : 80MHz[0m
[0;32mI (43) boot.esp32: SPI Mode       : QIO[0m
[0;32mI (47) boot.esp32: SPI Flash Size : 2MB[0m
[0;32mI (50) boot: Enabling RNG early entropy source...[0m
[0;32mI (55) boot: Partition Table:[0m
[0;32mI (57) boot: ## Label            Usage          Type ST Offset   Length[0m
[0;32mI (64) boot:  0 nvs              WiFi data        01 02 00009000 00006000[0m
[0;32mI (70) boot:  1 phy_init         RF data          01 01 0000f000 00001000[0m
[0;32mI (77) boot:  2 factory          factory app      00 00 00010000 00100000[0m
[0;32mI (83) boot: End of partition table[0m
[0;32mI (86) esp_image: segment 0: paddr=00010020 vaddr=3f400020 size=37ef0h (229104) map[0m
[0;32mI (156) esp_image: segment 1: paddr=00047f18 vaddr=3ffb0000 size=0288ch ( 10380) load[0m
[0;32mI (159) esp_image: segment 2: paddr=0004a7ac vaddr=40080000 size=0586ch ( 22636) load[0m
[0;32mI (167) esp_image: segment 3: paddr=00050020 vaddr=400d0020 size=32894h (206996) map[0m
[0;32mI (223) esp_image: segment 4: paddr=000828bc vaddr=4008586c size=04748h ( 18248) load[0m
[0;32mI (229) esp_image: segment 5: paddr=0008700c vaddr=50000000 size=00028h (    40) load[0m
[0;32mI (235) boot: Loaded app from partition at offset 0x10000[0m
[0;32mI (235) boot: Disabling RNG early entropy source...[0m
[0;32mI (249) cpu_start: Multicore app[0m
[0;32mI (257) cpu_start: GPIO 3 and 1 are used as console UART I/O pins[0m
[0;32mI (257) cpu_start: Pro cpu start user code[0m
[0;32mI (257) cpu_start: cpu freq: 160000000 Hz[0m
[0;32mI (259) app_init: Application information:[0m
[0;32mI (263) app_init: Project name:     micro_speech[0m
[0;32mI (267) app_init: App version:      1[0m
[0;32mI (270) app_init: Compile time:     Mar 18 2026 23:13:21[0m
[0;32mI (276) app_init: ELF file SHA256:  b0922249b...[0m
[0;32mI (280) app_init: ESP-IDF:          v6.1-dev-2938-g12f36a021f[0m
[0;32mI (285) efuse_init: Min chip rev:     v0.0[0m
[0;32mI (289) efuse_init: Max chip rev:     v3.99 [0m
[0;32mI (293) efuse_init: Chip rev:         v3.1[0m
[0;32mI (297) heap_init: Initializing. RAM available for dynamic allocation:[0m
[0;32mI (303) heap_init: At 3FFAE6E0 len 00001920 (6 KiB): DRAM[0m
[0;32mI (308) heap_init: At 3FFD0F38 len 0000F0C8 (60 KiB): DRAM[0m
[0;32mI (314) heap_init: At 3FFE0440 len 00003AE0 (14 KiB): D/IRAM[0m
[0;32mI (319) heap_init: At 3FFE4350 len 0001BCB0 (111 KiB): D/IRAM[0m
[0;32mI (324) heap_init: At 40089FB4 len 0001604C (88 KiB): IRAM[0m
[0;32mI (330) spi_flash: detected chip: generic[0m
[0;32mI (333) spi_flash: flash io: qio[0m
[0;33mW (336) spi_flash: Detected size(4096k) larger than the size in the binary image header(2048k). Using the size in the binary image header.[0m
[0;32mI (349) main_task: Started on CPU0[0m
[0;32mI (359) main_task: Calling app_main()[0m
Didn't find op for builtin opcode 'CONV_2D'
Failed to get registration from op code CONV_2D
 
AllocateTensors() failed
Guru Meditation Error: Core  0 panic'ed (StoreProhibited). Exception was unhandled.

Core  0 register dump:
PC      : 0x4000c2e4  PS      : 0x00060630  A0      : 0x800d668c  A1      : 0x3ffd45e0  
A2      : 0x00000000  A3      : 0x3f40b5dc  A4      : 0x000007a8  A5      : 0x00000000  
A6      : 0x5f766274  A7      : 0x5165556a  A8      : 0x00000000  A9      : 0x3ffd4cc0  
A10     : 0x3f400a94  A11     : 0x3ffd4d50  A12     : 0x3ffd4d30  A13     : 0x00000004  
A14     : 0x3f42c9c4  A15     : 0x00000020  SAR     : 0x0000001d  EXCCAUSE: 0x0000001d  
EXCVADDR: 0x00000000  LBEG    : 0x4000c2e0  LEND    : 0x4000c2f6  LCOUNT  : 0x00000079  


Backtrace: 0x4000c2e1:0x3ffd45e0 0x400d6689:0x3ffd45f0 0x400d6132:0x3ffd4dd0




ELF file SHA256: b0922249b

Rebooting...
ets Jul 29 2019 12:21:46

rst:0xc (SW_CPU_RESET),boot:0x13 (SPI_FAST_FLASH_BOOT)
configsip: 0, SPIWP:0xee
clk_drv:0x00,q_drv:0x00,d_drv:0x00,cs0_drv:0x00,hd_drv:0x00,wp_drv:0x00
mode:DIO, clock div:1
load:0x3fff0040,len:6596
load:0x40078000,len:16752
ho 0 tail 12 room 4
load:0x40080400,len:4348
entry 0x40080664
[0;32mI (29) boot: ESP-IDF v6.1-dev-2938-g12f36a021f 2nd stage bootloader[0m
[0;32mI (29) boot: compile time Mar 18 2026 23:14:15[0m
[0;32mI (29) boot: Multicore bootloader[0m
[0;32mI (32) boot: chip revision: v3.1[0m
[0;32mI (35) qio_mode: Enabling default flash chip QIO[0m
[0;32mI (39) boot.esp32: SPI Speed      : 80MHz[0m
[0;32mI (43) boot.esp32: SPI Mode       : QIO[0m
[0;32mI (47) boot.esp32: SPI Flash Size : 2MB[0m
[0;32mI (50) boot: Enabling RNG early entropy source...[0m
[0;32mI (55) boot: Partition Table:[0m
[0;32mI (57) boot: ## Label            Usage          Type ST Offset   Length[0m
[0;32mI (64) boot:  0 nvs              WiFi data        01 02 00009000 00006000[0m
[0;32mI (70) boot:  1 phy_init         RF data          01 01 0000f000 00001000[0m
[0;32mI (77) boot:  2 factory          factory app      00 00 00010000 00100000[0m
[0;32mI (83) boot: End of partition table[0m
[0;32mI (86) esp_image: segment 0: paddr=00010020 vaddr=3f400020 size=37ef0h (229104) map[0m
[0;32mI (156) esp_image: segment 1: paddr=00047f18 vaddr=3ffb0000 size=0288ch ( 10380) load[0m
[0;32mI (159) esp_image: segment 2: paddr=0004a7ac vaddr=40080000 size=0586ch ( 22636) load[0m
[0;32mI (167) esp_image: segment 3: paddr=00050020 vaddr=400d0020 size=32894h (206996) map[0m
[0;32mI (223) esp_image: segment 4: paddr=000828bc vaddr=4008586c size=04748h ( 18248) load[0m
[0;32mI (229) esp_image: segment 5: paddr=0008700c vaddr=50000000 size=00028h (    40) load[0m
[0;32mI (235) boot: Loaded app from partition at offset 0x10000[0m
[0;32mI (235) boot: Disabling RNG early entropy source...[0m
[0;32mI (249) cpu_start: Multicore app[0m
[0;32mI (257) cpu_start: GPIO 3 and 1 are used as console UART I/O pins[0m
[0;32mI (257) cpu_start: Pro cpu start user code[0m
[0;32mI (257) cpu_start: cpu freq: 160000000 Hz[0m
[0;32mI (259) app_init: Application information:[0m
[0;32mI (263) app_init: Project name:     micro_speech[0m
[0;32mI (267) app_init: App version:      1[0m
[0;32mI (270) app_init: Compile time:     Mar 18 2026 23:13:21[0m
[0;32mI (276) app_init: ELF file SHA256:  b0922249b...[0m
[0;32mI (280) app_init: ESP-IDF:          v6.1-dev-2938-g12f36a021f[0m
[0;32mI (285) efuse_init: Min chip rev:     v0.0[0m
[0;32mI (289) efuse_init: Max chip rev:     v3.99 [0m
[0;32mI (293) efuse_init: Chip rev:         v3.1[0m
[0;32mI (297) heap_init: Initializing. RAM available for dynamic allocation:[0m
[0;32mI (303) heap_init: At 3FFAE6E0 len 00001920 (6 KiB): DRAM[0m
[0;32mI (308) heap_init: At 3FFD0F38 len 0000F0C8 (60 KiB): DRAM[0m
[0;32mI (314) heap_init: At 3FFE0440 len 00003AE0 (14 KiB): D/IRAM[0m
[0;32mI (319) heap_init: At 3FFE4350 len 0001BCB0 (111 KiB): D/IRAM[0m
[0;32mI (324) heap_init: At 40089FB4 len 0001604C (88 KiB): IRAM[0m
[0;32mI (330) spi_flash: detected chip: generic[0m
[0;32mI (333) spi_flash: flash io: qio[0m
[0;33mW (336) spi_flash: Detected size(4096k) larger than the size in the binary image header(2048k). Using the size in the binary image header.[0m
[0;32mI (349) main_task: Started on CPU0[0m
[0;32mI (359) main_task: Calling app_main()[0m
Didn't find op for builtin opcode 'CONV_2D'
Failed to get registration from op code CONV_2D
 
AllocateTensors() failed
Guru Meditation Error: Core  0 panic'ed (StoreProhibited). Exception was unhandled.

Core  0 register dump:
PC      : 0x4000c2e4  PS      : 0x00060630  A0      : 0x800d668c  A1      : 0x3ffd45e0  
A2      : 0x00000000  A3      : 0x3f40b5dc  A4      : 0x000007a8  A5      : 0x00000000  
A6      : 0x5f766274  A7      : 0x5165556a  A8      : 0x00000000  A9      : 0x3ffd4cc0  
A10     : 0x3f400a94  A11     : 0x3ffd4d50  A12     : 0x3ffd4d30  A13     : 0x00000004  
A14     : 0x3f42c9c4  A15     : 0x00000020  SAR     : 0x0000001d  EXCCAUSE: 0x0000001d  
EXCVADDR: 0x00000000  LBEG    : 0x4000c2e0  LEND    : 0x4000c2f6  LCOUNT  : 0x00000079  


Backtrace: 0x4000c2e1:0x3ffd45e0 0x400d6689:0x3ffd45f0 0x400d6132:0x3ffd4dd0




ELF file SHA256: b0922249b

Rebooting...
ets Jul 29 2019 12:21:46

rst:0xc (SW_CPU_RESET),boot:0x13 (SPI_FAST_FLASH_BOOT)
configsip: 0, SPIWP:0xee
clk_drv:0x00,q_drv:0x00,d_drv:0x00,cs0_drv:0x00,hd_drv:0x00,wp_drv:0x00
mode:DIO, clock div:1
load:0x3fff0040,len:6596
load:0x40078000,len:16752
ho 0 tail 12 room 4
load:0x40080400,len:4348
entry 0x40080664
[0;32mI (29) boot: ESP-IDF v6.1-dev-2938-g12f36a021f 2nd stage bootloader[0m
[0;32mI (29) boot: compile time Mar 18 2026 23:14:15[0m
[0;32mI (29) boot: Multicore bootloader[0m
[0;32mI (32) boot: chip revision: v3.1[0m
[0;32mI (35) qio_mode: Enabling default flash chip QIO[0m
[0;32mI (39) boot.esp32: SPI Speed      : 80MHz[0m
[0;32mI (43) boot.esp32: SPI Mode       : QIO[0m
[0;32mI (47) boot.esp32: SPI Flash Size : 2MB[0m
[0;32mI (50) boot: Enabling RNG early entropy source...[0m
[0;32mI (55) boot: Partition Table:[0m
[0;32mI (57) boot: ## Label            Usage          Type ST Offset   Length[0m
[0;32mI (64) boot:  0 nvs              WiFi data        01 02 00009000 00006000[0m
[0;32mI (70) boot:  1 phy_init         RF data          01 01 0000f000 00001000[0m
[0;32mI (77) boot:  2 factory          factory app      00 00 00010000 00100000[0m
[0;32mI (83) boot: End of partition table[0m
[0;32mI (86) esp_image: segment 0: paddr=00010020 vaddr=3f400020 size=37ef0h (229104) map[0m
[0;32mI (156) esp_image: segment 1: paddr=00047f18 vaddr=3ffb0000 size=0288ch ( 10380) load[0m
[0;32mI (159) esp_image: segment 2: paddr=0004a7ac vaddr=40080000 size=0586ch ( 22636) load[0m
[0;32mI (167) esp_image: segment 3: paddr=00050020 vaddr=400d0020 size=32894h (206996) map[0m
[0;32mI (223) esp_image: segment 4: paddr=000828bc vaddr=4008586c size=04748h ( 18248) load[0m
[0;32mI (229) esp_image: segment 5: paddr=0008700c vaddr=50000000 size=00028h (    40) load[0m
[0;32mI (235) boot: Loaded app from partition at offset 0x10000[0m
[0;32mI (235) boot: Disabling RNG early entropy source...[0m
[0;32mI (249) cpu_start: Multicore app[0m
[0;32mI (257) cpu_start: GPIO 3 and 1 are used as console UART I/O pins[0m
[0;32mI (257) cpu_start: Pro cpu start user code[0m
[0;32mI (257) cpu_start: cpu freq: 160000000 Hz[0m
[0;32mI (259) app_init: Application information:[0m
[0;32mI (263) app_init: Project name:     micro_speech[0m
[0;32mI (267) app_init: App version:      1[0m
[0;32mI (270) app_init: Compile time:     Mar 18 2026 23:13:21[0m
[0;32mI (276) app_init: ELF file SHA256:  b0922249b...[0m
[0;32mI (280) app_init: ESP-IDF:          v6.1-dev-2938-g12f36a021f[0m
[0;32mI (285) efuse_init: Min chip rev:     v0.0[0m
[0;32mI (289) efuse_init: Max chip rev:     v3.99 [0m
[0;32mI (293) efuse_init: Chip rev:         v3.1[0m
[0;32mI (297) heap_init: Initializing. RAM available for dynamic allocation:[0m
[0;32mI (303) heap_init: At 3FFAE6E0 len 00001920 (6 KiB): DRAM[0m
[0;32mI (308) heap_init: At 3FFD0F38 len 0000F0C8 (60 KiB): DRAM[0m
[0;32mI (314) heap_init: At 3FFE0440 len 00003AE0 (14 KiB): D/IRAM[0m
[0;32mI (319) heap_init: At 3FFE4350 len 0001BCB0 (111 KiB): D/IRAM[0m
[0;32mI (324) heap_init: At 40089FB4 len 0001604C (88 KiB): IRAM[0m
[0;32mI (330) spi_flash: detected chip: generic[0m
[0;32mI (333) spi_flash: flash io: qio[0m
[0;33mW (336) spi_flash: Detected size(4096k) larger than the size in the binary image header(2048k). Using the size in the binary image header.[0m
[0;32mI (349) main_task: Started on CPU0[0m
[0;32mI (359) main_task: Calling app_main()[0m
Didn't find op for builtin opcode 'CONV_2D'
Failed to get registration from op code CONV_2D
 
AllocateTensors() failed
Guru Meditation Error: Core  0 panic'ed (StoreProhibited). Exception was unhandled.

Core  0 register dump:
PC      : 0x4000c2e4  PS      : 0x00060630  A0      : 0x800d668c  A1      : 0x3ffd45e0  
A2      : 0x00000000  A3      : 0x3f40b5dc  A4      : 0x000007a8  A5      : 0x00000000  
A6      : 0x5f766274  A7      : 0x5165556a  A8      : 0x00000000  A9      : 0x3ffd4cc0  
A10     : 0x3f400a94  A11     : 0x3ffd4d50  A12     : 0x3ffd4d30  A13     : 0x00000004  
A14     : 0x3f42c9c4  A15     : 0x00000020  SAR     : 0x0000001d  EXCCAUSE: 0x0000001d  
EXCVADDR: 0x00000000  LBEG    : 0x4000c2e0  LEND    : 0x4000c2f6  LCOUNT  : 0x00000079  


Backtrace: 0x4000c2e1:0x3ffd45e0 0x400d6689:0x3ffd45f0 0x400d6132:0x3ffd4dd0




ELF file SHA256: b0922249b

Rebooting...
ets Jul 29 2019 12:21:46

rst:0xc (SW_CPU_RESET),boot:0x13 (SPI_FAST_FLASH_BOOT)
configsip: 0, SPIWP:0xee
clk_drv:0x00,q_drv:0x00,d_drv:0x00,cs0_drv:0x00,hd_drv:0x00,wp_drv:0x00
mode:DIO, clock div:1
load:0x3fff0040,len:6596
load:0x40078000,len:16752
ho 0 tail 12 room 4
load:0x40080400,len:4348
entry 0x40080664
[0;32mI (29) boot: ESP-IDF v6.1-dev-2938-g12f36a021f 2nd stage bootloader[0m
[0;32mI (29) boot: compile time Mar 18 2026 23:14:15[0m
[0;32mI (29) boot: Multicore bootloader[0m
[0;32mI (32) boot: chip revision: v3.1[0m
[0;32mI (35) qio_mode: Enabling default flash chip QIO[0m
[0;32mI (39) boot.esp32: SPI Speed      : 80MHz[0m
[0;32mI (43) boot.esp32: SPI Mode       : QIO[0m
[0;32mI (47) boot.esp32: SPI Flash Size : 2MB[0m
[0;32mI (50) boot: Enabling RNG early entropy source...[0m
[0;32mI (55) boot: Partition Table:[0m
[0;32mI (57) boot: ## Label            Usage          Type ST Offset   Length[0m
[0;32mI (64) boot:  0 nvs              WiFi data        01 02 00009000 00006000[0m
[0;32mI (70) boot:  1 phy_init         RF data          01 01 0000f000 00001000[0m
[0;32mI (77) boot:  2 factory          factory app      00 00 00010000 00100000[0m
[0;32mI (83) boot: End of partition table[0m
[0;32mI (86) esp_image: segment 0: paddr=00010020 vaddr=3f400020 size=37ef0h (229104) map[0m
[0;32mI (156) esp_image: segment 1: paddr=00047f18 vaddr=3ffb0000 size=0288ch ( 10380) load[0m
[0;32mI (159) esp_image: segment 2: paddr=0004a7ac vaddr=40080000 size=0586ch ( 22636) load[0m
[0;32mI (167) esp_image: segment 3: paddr=00050020 vaddr=400d0020 size=32894h (206996) map[0m
[0;32mI (223) esp_image: segment 4: paddr=000828bc vaddr=4008586c size=04748h ( 18248) load[0m
[0;32mI (229) esp_image: segment 5: paddr=0008700c vaddr=50000000 size=00028h (    40) load[0m
[0;32mI (235) boot: Loaded app from partition at offset 0x10000[0m
[0;32mI (235) boot: Disabling RNG early entropy source...[0m
[0;32mI (249) cpu_start: Multicore app[0m
[0;32mI (257) cpu_start: GPIO 3 and 1 are used as console UART I/O pins[0m
[0;32mI (257) cpu_start: Pro cpu start user code[0m
[0;32mI (257) cpu_start: cpu freq: 160000000 Hz[0m
[0;32mI (259) app_init: Application information:[0m
[0;32mI (263) app_init: Project name:     micro_speech[0m
[0;32mI (267) app_init: App version:      1[0m
[0;32mI (270) app_init: Compile time:     Mar 18 2026 23:13:21[0m
[0;32mI (276) app_init: ELF file SHA256:  b0922249b...[0m
[0;32mI (280) app_init: ESP-IDF:          v6.1-dev-2938-g12f36a021f[0m
[0;32mI (285) efuse_init: Min chip rev:     v0.0[0m
[0;32mI (289) efuse_init: Max chip rev:     v3.99 [0m
[0;32mI (293) efuse_init: Chip rev:         v3.1[0m
[0;32mI (297) heap_init: Initializing. RAM available for dynamic allocation:[0m
[0;32mI (303) heap_init: At 3FFAE6E0 len 00001920 (6 KiB): DRAM[0m
[0;32mI (308) heap_init: At 3FFD0F38 len 0000F0C8 (60 KiB): DRAM[0m
[0;32mI (314) heap_init: At 3FFE0440 len 00003AE0 (14 KiB): D/IRAM[0m
[0;32mI (319) heap_init: At 3FFE4350 len 0001BCB0 (111 KiB): D/IRAM[0m
[0;32mI (324) heap_init: At 40089FB4 len 0001604C (88 KiB): IRAM[0m
[0;32mI (330) spi_flash: detected chip: generic[0m
[0;32mI (333) spi_flash: flash io: qio[0m
[0;33mW (336) spi_flash: Detected size(4096k) larger than the size in the binary image header(2048k). Using the size in the binary image header.[0m
[0;32mI (349) main_task: Started on CPU0[0m
[0;32mI (359) main_task: Calling app_main()[0m
Didn't find op for builtin opcode 'CONV_2D'
Failed to get registration from op code CONV_2D
 
AllocateTensors() failed
Guru Meditation Error: Core  0 panic'ed (StoreProhibited). Exception was unhandled.

Core  0 register dump:
PC      : 0x4000c2e4  PS      : 0x00060630  A0      : 0x800d668c  A1      : 0x3ffd45e0  
A2      : 0x00000000  A3      : 0x3f40b5dc  A4      : 0x000007a8  A5      : 0x00000000  
A6      : 0x5f766274  A7      : 0x5165556a  A8      : 0x00000000  A9      : 0x3ffd4cc0  
A10     : 0x3f400a94  A11     : 0x3ffd4d50  A12     : 0x3ffd4d30  A13     : 0x00000004  
A14     : 0x3f42c9c4  A15     : 0x00000020  SAR     : 0x0000001d  EXCCAUSE: 0x0000001d  
EXCVADDR: 0x00000000  LBEG    : 0x4000c2e0  LEND    : 0x4000c2f6  LCOUNT  : 0x00000079  


Backtrace: 0x4000c2e1:0x3ffd45e0 0x400d6689:0x3ffd45f0 0x400d6132:0x3ffd4dd0




ELF file SHA256: b0922249b

Rebooting...
ets Jul 29 2019 12:21:46

rst:0xc (SW_CPU_RESET),boot:0x13 (SPI_FAST_FLASH_BOOT)
configsip: 0, SPIWP:0xee
clk_drv:0x00,q_drv:0x00,d_drv:0x00,cs0_drv:0x00,hd_drv:0x00,wp_drv:0x00
mode:DIO, clock div:1
load:0x3fff0040,len:6596
load:0x40078000,len:16752
ho 0 tail 12 room 4
load:0x40080400,len:4348
entry 0x40080664
[0;32mI (29) boot: ESP-IDF v6.1-dev-2938-g12f36a021f 2nd stage bootloader[0m
[0;32mI (29) boot: compile time Mar 18 2026 23:14:15[0m
[0;32mI (29) boot: Multicore bootloader[0m
[0;32mI (32) boot: chip revision: v3.1[0m
[0;32mI (35) qio_mode: Enabling default flash chip QIO[0m
[0;32mI (39) boot.esp32: SPI Speed      : 80MHz[0m
[0;32mI (43) boot.esp32: SPI Mode       : QIO[0m
[0;32mI (47) boot.esp32: SPI Flash Size : 2MB[0m
[0;32mI (50) boot: Enabling RNG early entropy source...[0m
[0;32mI (55) boot: Partition Table:[0m
[0;32mI (57) boot: ## Label            Usage          Type ST Offset   Length[0m
[0;32mI (64) boot:  0 nvs              WiFi data        01 02 00009000 00006000[0m
[0;32mI (70) boot:  1 phy_init         RF data          01 01 0000f000 00001000[0m
[0;32mI (77) boot:  2 factory          factory app      00 00 00010000 00100000[0m
[0;32mI (83) boot: End of partition table[0m
[0;32mI (86) esp_image: segment 0: paddr=00010020 vaddr=3f400020 size=37ef0h (229104) map[0m
[0;32mI (156) esp_image: segment 1: paddr=00047f18 vaddr=3ffb0000 size=0288ch ( 10380) load[0m
[0;32mI (159) esp_image: segment 2: paddr=0004a7ac vaddr=40080000 size=0586ch ( 22636) load[0m
[0;32mI (167) esp_image: segment 3: paddr=00050020 vaddr=400d0020 size=32894h (206996) map[0m
[0;32mI (223) esp_image: segment 4: paddr=000828bc vaddr=4008586c size=04748h ( 18248) load[0m
[0;32mI (229) esp_image: segment 5: paddr=0008700c vaddr=50000000 size=00028h (    40) load[0m
[0;32mI (235) boot: Loaded app from partition at offset 0x10000[0m
[0;32mI (235) boot: Disabling RNG early entropy source...[0m
[0;32mI (249) cpu_start: Multicore app[0m
[0;32mI (257) cpu_start: GPIO 3 and 1 are used as console UART I/O pins[0m
[0;32mI (257) cpu_start: Pro cpu start user code[0m
[0;32mI (257) cpu_start: cpu freq: 160000000 Hz[0m
[0;32mI (259) app_init: Application information:[0m
[0;32mI (263) app_init: Project name:     micro_speech[0m
[0;32mI (267) app_init: App version:      1[0m
[0;32mI (270) app_init: Compile time:     Mar 18 2026 23:13:21[0m
[0;32mI (276) app_init: ELF file SHA256:  b0922249b...[0m
[0;32mI (280) app_init: ESP-IDF:          v6.1-dev-2938-g12f36a021f[0m
[0;32mI (285) efuse_init: Min chip rev:     v0.0[0m
[0;32mI (289) efuse_init: Max chip rev:     v3.99 [0m
[0;32mI (293) efuse_init: Chip rev:         v3.1[0m
[0;32mI (297) heap_init: Initializing. RAM available for dynamic allocation:[0m
[0;32mI (303) heap_init: At 3FFAE6E0 len 00001920 (6 KiB): DRAM[0m
[0;32mI (308) heap_init: At 3FFD0F38 len 0000F0C8 (60 KiB): DRAM[0m
[0;32mI (314) heap_init: At 3FFE0440 len 00003AE0 (14 KiB): D/IRAM[0m
[0;32mI (319) heap_init: At 3FFE4350 len 0001BCB0 (111 KiB): D/IRAM[0m
[0;32mI (324) heap_init: At 40089FB4 len 0001604C (88 KiB): IRAM[0m
[0;32mI (330) spi_flash: detected chip: generic[0m
[0;32mI (333) spi_flash: flash io: qio[0m
[0;33mW (336) spi_flash: Detected size(4096k) larger than the size in the binary image header(2048k). Using the size in the binary image header.[0m
[0;32mI (349) main_task: Started on CPU0[0m
[0;32mI (359) main_task: Calling app_main()[0m
Didn't find op for builtin opcode 'CONV_2D'
Failed to get registration from op code CONV_2D
 
AllocateTensors() failed
Guru Meditation Error: Core  0 panic'ed (StoreProhibited). Exception was unhandled.

Core  0 register dump:
PC      : 0x4000c2e4  PS      : 0x00060630  A0      : 0x800d668c  A1      : 0x3ffd45e0  
A2      : 0x00000000  A3      : 0x3f40b5dc  A4      : 0x000007a8  A5      : 0x00000000  
A6      : 0x5f766274  A7      : 0x5165556a  A8      : 0x00000000  A9      : 0x3ffd4cc0  
A10     : 0x3f400a94  A11     : 0x3ffd4d50  A12     : 0x3ffd4d30  A13     : 0x00000004  
A14     : 0x3f42c9c4  A15     : 0x00000020  SAR     : 0x0000001d  EXCCAUSE: 0x0000001d  
EXCVADDR: 0x00000000  LBEG    : 0x4000c2e0  LEND    : 0x4000c2f6  LCOUNT  : 0x00000079  


Backtrace: 0x4000c2e1:0x3ffd45e0 0x400d6689:0x3ffd45f0 0x400d6132:0x3ffd4dd0




ELF file SHA256: b0922249b

Rebooting...
ets Jul 29 2019 12:21:46

rst:0xc (SW_CPU_RESET),boot:0x13 (SPI_FAST_FLASH_BOOT)
configsip: 0, SPIWP:0xee
clk_drv:0x00,q_drv:0x00,d_drv:0x00,cs0_drv:0x00,hd_drv:0x00,wp_drv:0x00
mode:DIO, clock div:1
load:0x3fff0040,len:6596
load:0x40078000,len:16752
ho 0 tail 12 room 4
load:0x40080400,len:4348
entry 0x40080664
[0;32mI (29) boot: ESP-IDF v6.1-dev-2938-g12f36a021f 2nd stage bootloader[0m
[0;32mI (29) boot: compile time Mar 18 2026 23:14:15[0m
[0;32mI (29) boot: Multicore bootloader[0m
[0;32mI (32) boot: chip revision: v3.1[0m
[0;32mI (35) qio_mode: Enabling default flash chip QIO[0m
[0;32mI (39) boot.esp32: SPI Speed      : 80MHz[0m
[0;32mI (43) boot.esp32: SPI Mode       : QIO[0m
[0;32mI (47) boot.esp32: SPI Flash Size : 2MB[0m
[0;32mI (50) boot: Enabling RNG early entropy source...[0m
[0;32mI (55) boot: Partition Table:[0m
[0;32mI (57) boot: ## Label            Usage          Type ST Offset   Length[0m
[0;32mI (64) boot:  0 nvs              WiFi data        01 02 00009000 00006000[0m
[0;32mI (70) boot:  1 phy_init         RF data          01 01 0000f000 00001000[0m
[0;32mI (77) boot:  2 factory          factory app      00 00 00010000 00100000[0m
[0;32mI (83) boot: End of partition table[0m
[0;32mI (86) esp_image: segment 0: paddr=00010020 vaddr=3f400020 size=37ef0h (229104) map[0m
[0;32mI (156) esp_image: segment 1: paddr=00047f18 vaddr=3ffb0000 size=0288ch ( 10380) load[0m
[0;32mI (159) esp_image: segment 2: paddr=0004a7ac vaddr=40080000 size=0586ch ( 22636) load[0m
[0;32mI (167) esp_image: segment 3: paddr=00050020 vaddr=400d0020 size=32894h (206996) map[0m
[0;32mI (223) esp_image: segment 4: paddr=000828bc vaddr=4008586c size=04748h ( 18248) load[0m
[0;32mI (229) esp_image: segment 5: paddr=0008700c vaddr=50000000 size=00028h (    40) load[0m
[0;32mI (235) boot: Loaded app from partition at offset 0x10000[0m
[0;32mI (235) boot: Disabling RNG early entropy source...[0m
[0;32mI (249) cpu_start: Multicore app[0m
[0;32mI (257) cpu_start: GPIO 3 and 1 are used as console UART I/O pins[0m
[0;32mI (257) cpu_start: Pro cpu start user code[0m
[0;32mI (257) cpu_start: cpu freq: 160000000 Hz[0m
[0;32mI (259) app_init: Application information:[0m
[0;32mI (263) app_init: Project name:     micro_speech[0m
[0;32mI (267) app_init: App version:      1[0m
[0;32mI (270) app_init: Compile time:     Mar 18 2026 23:13:21[0m
[0;32mI (276) app_init: ELF file SHA256:  b0922249b...[0m
[0;32mI (280) app_init: ESP-IDF:          v6.1-dev-2938-g12f36a021f[0m
[0;32mI (285) efuse_init: Min chip rev:     v0.0[0m
[0;32mI (289) efuse_init: Max chip rev:     v3.99 [0m
[0;32mI (293) efuse_init: Chip rev:         v3.1[0m
[0;32mI (297) heap_init: Initializing. RAM available for dynamic allocation:[0m
[0;32mI (303) heap_init: At 3FFAE6E0 len 00001920 (6 KiB): DRAM[0m
[0;32mI (308) heap_init: At 3FFD0F38 len 0000F0C8 (60 KiB): DRAM[0m
[0;32mI (314) heap_init: At 3FFE0440 len 00003AE0 (14 KiB): D/IRAM[0m
[0;32mI (319) heap_init: At 3FFE4350 len 0001BCB0 (111 KiB): D/IRAM[0m
[0;32mI (324) heap_init: At 40089FB4 len 0001604C (88 KiB): IRAM[0m
[0;32mI (330) spi_flash: detected chip: generic[0m
[0;32mI (333) spi_flash: flash io: qio[0m
[0;33mW (336) spi_flash: Detected size(4096k) larger than the size in the binary image header(2048k). Using the size in the binary image header.[0m
[0;32mI (349) main_task: Started on CPU0[0m
[0;32mI (359) main_task: Calling app_main()[0m
Didn't find op for builtin opcode 'CONV_2D'
Failed to get registration from op code CONV_2D
 
AllocateTensors() failed
Guru Meditation Error: Core  0 panic'ed (StoreProhibited). Exception was unhandled.

Core  0 register dump:
PC      : 0x4000c2e4  PS      : 0x00060630  A0      : 0x800d668c  A1      : 0x3ffd45e0  
A2      : 0x00000000  A3      : 0x3f40b5dc  A4      : 0x000007a8  A5      : 0x00000000  
A6      : 0x5f766274  A7      : 0x5165556a  A8      : 0x00000000  A9      : 0x3ffd4cc0  
A10     : 0x3f400a94  A11     : 0x3ffd4d50  A12     : 0x3ffd4d30  A13     : 0x00000004  
A14     : 0x3f42c9c4  A15     : 0x00000020  SAR     : 0x0000001d  EXCCAUSE: 0x0000001d  
EXCVADDR: 0x00000000  LBEG    : 0x4000c2e0  LEND    : 0x4000c2f6  LCOUNT  : 0x00000079  


Backtrace: 0x4000c2e1:0x3ffd45e0 0x400d6689:0x3ffd45f0 0x400d6132:0x3ffd4dd0




ELF file SHA256: b0922249b

Rebooting...
ets Jul 29 2019 12:21:46

rst:0xc (SW_CPU_RESET),boot:0x13 (SPI_FAST_FLASH_BOOT)
configsip: 0, SPIWP:0xee
clk_drv:0x00,q_drv:0x00,d_drv:0x00,cs0_drv:0x00,hd_drv:0x00,wp_drv:0x00
mode:DIO, clock div:1
load:0x3fff0040,len:6596
load:0x40078000,len:16752
ho 0 tail 12 room 4
load:0x40080400,len:4348
entry 0x40080664
[0;32mI (29) boot: ESP-IDF v6.1-dev-2938-g12f36a021f 2nd stage bootloader[0m
[0;32mI (29) boot: compile time Mar 18 2026 23:14:15[0m
[0;32mI (29) boot: Multicore bootloader[0m
[0;32mI (32) boot: chip revision: v3.1[0m
[0;32mI (35) qio_mode: Enabling default flash chip QIO[0m
[0;32mI (39) boot.esp32: SPI Speed      : 80MHz[0m
[0;32mI (43) boot.esp32: SPI Mode       : QIO[0m
[0;32mI (47) boot.esp32: SPI Flash Size : 2MB[0m
[0;32mI (50) boot: Enabling RNG early entropy source...[0m
[0;32mI (55) boot: Partition Table:[0m
[0;32mI (57) boot: ## Label            Usage          Type ST Offset   Length[0m
[0;32mI (64) boot:  0 nvs              WiFi data        01 02 00009000 00006000[0m
[0;32mI (70) boot:  1 phy_init         RF data          01 01 0000f000 00001000[0m
[0;32mI (77) boot:  2 factory          factory app      00 00 00010000 00100000[0m
[0;32mI (83) boot: End of partition table[0m
[0;32mI (86) esp_image: segment 0: paddr=00010020 vaddr=3f400020 size=37ef0h (229104) map[0m
[0;32mI (156) esp_image: segment 1: paddr=00047f18 vaddr=3ffb0000 size=0288ch ( 10380) load[0m
[0;32mI (159) esp_image: segment 2: paddr=0004a7ac vaddr=40080000 size=0586ch ( 22636) load[0m
[0;32mI (167) esp_image: segment 3: paddr=00050020 vaddr=400d0020 size=32894h (206996) map[0m
[0;32mI (223) esp_image: segment 4: paddr=000828bc vaddr=4008586c size=04748h ( 18248) load[0m
[0;32mI (229) esp_image: segment 5: paddr=0008700c vaddr=50000000 size=00028h (    40) load[0m
[0;32mI (235) boot: Loaded app from partition at offset 0x10000[0m
[0;32mI (235) boot: Disabling RNG early entropy source...[0m
[0;32mI (249) cpu_start: Multicore app[0m
[0;32mI (257) cpu_start: GPIO 3 and 1 are used as console UART I/O pins[0m
[0;32mI (257) cpu_start: Pro cpu start user code[0m
[0;32mI (257) cpu_start: cpu freq: 160000000 Hz[0m
[0;32mI (259) app_init: Application information:[0m
[0;32mI (263) app_init: Project name:     micro_speech[0m
[0;32mI (267) app_init: App version:      1[0m
[0;32mI (270) app_init: Compile time:     Mar 18 2026 23:13:21[0m
[0;32mI (276) app_init: ELF file SHA256:  b0922249b...[0m
[0;32mI (280) app_init: ESP-IDF:          v6.1-dev-2938-g12f36a021f[0m
[0;32mI (285) efuse_init: Min chip rev:     v0.0[0m
[0;32mI (289) efuse_init: Max chip rev:     v3.99 [0m
[0;32mI (293) efuse_init: Chip rev:         v3.1[0m
[0;32mI (297) heap_init: Initializing. RAM available for dynamic allocation:[0m
[0;32mI (303) heap_init: At 3FFAE6E0 len 00001920 (6 KiB): DRAM[0m
[0;32mI (308) heap_init: At 3FFD0F38 len 0000F0C8 (60 KiB): DRAM[0m
[0;32mI (314) heap_init: At 3FFE0440 len 00003AE0 (14 KiB): D/IRAM[0m
[0;32mI (319) heap_init: At 3FFE4350 len 0001BCB0 (111 KiB): D/IRAM[0m
[0;32mI (324) heap_init: At 40089FB4 len 0001604C (88 KiB): IRAM[0m
[0;32mI (330) spi_flash: detected chip: generic[0m
[0;32mI (333) spi_flash: flash io: qio[0m
[0;33mW (336) spi_flash: Detected size(4096k) larger than the size in the binary image header(2048k). Using the size in the binary image header.[0m
[0;32mI (349) main_task: Started on CPU0[0m
[0;32mI (359) main_task: Calling app_main()[0m
Didn't find op for builtin opcode 'CONV_2D'
Failed to get registration from op code CONV_2D
 
AllocateTensors() failed
Guru Meditation Error: Core  0 panic'ed (StoreProhibited). Exception was unhandled.

Core  0 register dump:
PC      : 0x4000c2e4  PS      : 0x00060630  A0      : 0x800d668c  A1      : 0x3ffd45e0  
A2      : 0x00000000  A3      : 0x3f40b5dc  A4      : 0x000007a8  A5      : 0x00000000  
A6      : 0x5f766274  A7      : 0x5165556a  A8      : 0x00000000  A9      : 0x3ffd4cc0  
A10     : 0x3f400a94  A11     : 0x3ffd4d50  A12     : 0x3ffd4d30  A13     : 0x00000004  
A14     : 0x3f42c9c4  A15     : 0x00000020  SAR     : 0x0000001d  EXCCAUSE: 0x0000001d  
EXCVADDR: 0x00000000  LBEG    : 0x4000c2e0  LEND    : 0x4000c2f6  LCOUNT  : 0x00000079  


Backtrace: 0x4000c2e1:0x3ffd45e0 0x400d6689:0x3ffd45f0 0x400d6132:0x3ffd4dd0




ELF file SHA256: b0922249b

Rebooting...
ets Jul 29 2019 12:21:46

rst:0xc (SW_CPU_RESET),boot:0x13 (SPI_FAST_FLASH_BOOT)
configsip: 0, SPIWP:0xee
clk_drv:0x00,q_drv:0x00,d_drv:0x00,cs0_drv:0x00,hd_drv:0x00,wp_drv:0x00
mode:DIO, clock div:1
load:0x3fff0040,len:6596
load:0x40078000,len:16752
ho 0 tail 12 room 4
load:0x40080400,len:4348
entry 0x40080664
[0;32mI (29) boot: ESP-IDF v6.1-dev-2938-g12f36a021f 2nd stage bootloader[0m
[0;32mI (29) boot: compile time Mar 18 2026 23:14:15[0m
[0;32mI (29) boot: Multicore bootloader[0m
[0;32mI (32) boot: chip revision: v3.1[0m
[0;32mI (35) qio_mode: Enabling default flash chip QIO[0m
[0;32mI (39) boot.esp32: SPI Speed      : 80MHz[0m
[0;32mI (43) boot.esp32: SPI Mode       : QIO[0m
[0;32mI (47) boot.esp32: SPI Flash Size : 2MB[0m
[0;32mI (50) boot: Enabling RNG early entropy source...[0m
[0;32mI (55) boot: Partition Table:[0m
[0;32mI (57) boot: ## Label            Usage          Type ST Offset   Length[0m
[0;32mI (64) boot:  0 nvs              WiFi data        01 02 00009000 00006000[0m
[0;32mI (70) boot:  1 phy_init         RF data          01 01 0000f000 00001000[0m
[0;32mI (77) boot:  2 factory          factory app      00 00 00010000 00100000[0m
[0;32mI (83) boot: End of partition table[0m
[0;32mI (86) esp_image: segment 0: paddr=00010020 vaddr=3f400020 size=37ef0h (229104) map[0m
[0;32mI (156) esp_image: segment 1: paddr=00047f18 vaddr=3ffb0000 size=0288ch ( 10380) load[0m
[0;32mI (159) esp_image: segment 2: paddr=0004a7ac vaddr=40080000 size=0586ch ( 22636) load[0m
[0;32mI (167) esp_image: segment 3: paddr=00050020 vaddr=400d0020 size=32894h (206996) map[0m
[0;32mI (223) esp_image: segment 4: paddr=000828bc vaddr=4008586c size=04748h ( 18248) load[0m
[0;32mI (229) esp_image: segment 5: paddr=0008700c vaddr=50000000 size=00028h (    40) load[0m
[0;32mI (235) boot: Loaded app from partition at offset 0x10000[0m
[0;32mI (235) boot: Disabling RNG early entropy source...[0m
[0;32mI (249) cpu_start: Multicore app[0m
[0;32mI (257) cpu_start: GPIO 3 and 1 are used as console UART I/O pins[0m
[0;32mI (257) cpu_start: Pro cpu start user code[0m
[0;32mI (257) cpu_start: cpu freq: 160000000 Hz[0m
[0;32mI (259) app_init: Application information:[0m
[0;32mI (263) app_init: Project name:     micro_speech[0m
[0;32mI (267) app_init: App version:      1[0m
[0;32mI (270) app_init: Compile time:     Mar 18 2026 23:13:21[0m
[0;32mI (276) app_init: ELF file SHA256:  b0922249b...[0m
[0;32mI (280) app_init: ESP-IDF:          v6.1-dev-2938-g12f36a021f[0m
[0;32mI (285) efuse_init: Min chip rev:     v0.0[0m
[0;32mI (289) efuse_init: Max chip rev:     v3.99 [0m
[0;32mI (293) efuse_init: Chip rev:         v3.1[0m
[0;32mI (297) heap_init: Initializing. RAM available for dynamic allocation:[0m
[0;32mI (303) heap_init: At 3FFAE6E0 len 00001920 (6 KiB): DRAM[0m
[0;32mI (308) heap_init: At 3FFD0F38 len 0000F0C8 (60 KiB): DRAM[0m
[0;32mI (314) heap_init: At 3FFE0440 len 00003AE0 (14 KiB): D/IRAM[0m
[0;32mI (319) heap_init: At 3FFE4350 len 0001BCB0 (111 KiB): D/IRAM[0m
[0;32mI (324) heap_init: At 40089FB4 len 0001604C (88 KiB): IRAM[0m
[0;32mI (330) spi_flash: detected chip: generic[0m
[0;32mI (333) spi_flash: flash io: qio[0m
[0;33mW (336) spi_flash: Detected size(4096k) larger than the size in the binary image header(2048k). Using the size in the binary image header.[0m
[0;32mI (349) main_task: Started on CPU0[0m
[0;32mI (359) main_task: Calling app_main()[0m
Didn't find op for builtin opcode 'CONV_2D'
Failed to get registration from op code CONV_2D
 
AllocateTensors() failed
Guru Meditation Error: Core  0 panic'ed (StoreProhibited). Exception was unhandled.

Core  0 register dump:
PC      : 0x4000c2e4  PS      : 0x00060630  A0      : 0x800d668c  A1      : 0x3ffd45e0  
A2      : 0x00000000  A3      : 0x3f40b5dc  A4      : 0x000007a8  A5      : 0x00000000  
A6      : 0x5f766274  A7      : 0x5165556a  A8      : 0x00000000  A9      : 0x3ffd4cc0  
A10     : 0x3f400a94  A11     : 0x3ffd4d50  A12     : 0x3ffd4d30  A13     : 0x00000004  
A14     : 0x3f42c9c4  A15     : 0x00000020  SAR     : 0x0000001d  EXCCAUSE: 0x0000001d  
EXCVADDR: 0x00000000  LBEG    : 0x4000c2e0  LEND    : 0x4000c2f6  LCOUNT  : 0x00000079  


Backtrace: 0x4000c2e1:0x3ffd45e0 0x400d6689:0x3ffd45f0 0x400d6132:0x3ffd4dd0




ELF file SHA256: b0922249b

Rebooting...
ets Jul 29 2019 12:21:46

rst:0xc (SW_CPU_RESET),boot:0x13 (SPI_FAST_FLASH_BOOT)
configsip: 0, SPIWP:0xee
clk_drv:0x00,q_drv:0x00,d_drv:0x00,cs0_drv:0x00,hd_drv:0x00,wp_drv:0x00
mode:DIO, clock div:1
load:0x3fff0040,len:6596
load:0x40078000,len:16752
ho 0 tail 12 room 4
load:0x40080400,len:4348
entry 0x40080664
[0;32mI (29) boot: ESP-IDF v6.1-dev-2938-g12f36a021f 2nd stage bootloader[0m
[0;32mI (29) boot: compile time Mar 18 2026 23:14:15[0m
[0;32mI (29) boot: Multicore bootloader[0m
[0;32mI (32) boot: chip revision: v3.1[0m
[0;32mI (35) qio_mode: Enabling default flash chip QIO[0m
[0;32mI (39) boot.esp32: SPI Speed      : 80MHz[0m
[0;32mI (43) boot.esp32: SPI Mode       : QIO[0m
[0;32mI (47) boot.esp32: SPI Flash Size : 2MB[0m
[0;32mI (50) boot: Enabling RNG early entropy source...[0m
[0;32mI (55) boot: Partition Table:[0m
[0;32mI (57) boot: ## Label            Usage          Type ST Offset   Length[0m
[0;32mI (64) boot:  0 nvs              WiFi data        01 02 00009000 00006000[0m
[0;32mI (70) boot:  1 phy_init         RF data          01 01 0000f000 00001000[0m
[0;32mI (77) boot:  2 factory          factory app      00 00 00010000 00100000[0m
[0;32mI (83) boot: End of partition table[0m
[0;32mI (86) esp_image: segment 0: paddr=00010020 vaddr=3f400020 size=37ef0h (229104) map[0m
[0;32mI (156) esp_image: segment 1: paddr=00047f18 vaddr=3ffb0000 size=0288ch ( 10380) load[0m
[0;32mI (159) esp_image: segment 2: paddr=0004a7ac vaddr=40080000 size=0586ch ( 22636) load[0m
[0;32mI (167) esp_image: segment 3: paddr=00050020 vaddr=400d0020 size=32894h (206996) map[0m
[0;32mI (223) esp_image: segment 4: paddr=000828bc vaddr=4008586c size=04748h ( 18248) load[0m
[0;32mI (229) esp_image: segment 5: paddr=0008700c vaddr=50000000 size=00028h (    40) load[0m
[0;32mI (235) boot: Loaded app from partition at offset 0x10000[0m
[0;32mI (235) boot: Disabling RNG early entropy source...[0m
[0;32mI (249) cpu_start: Multicore app[0m
[0;32mI (257) cpu_start: GPIO 3 and 1 are used as console UART I/O pins[0m
[0;32mI (257) cpu_start: Pro cpu start user code[0m
[0;32mI (257) cpu_start: cpu freq: 160000000 Hz[0m
[0;32mI (259) app_init: Application information:[0m
[0;32mI (263) app_init: Project name:     micro_speech[0m
[0;32mI (267) app_init: App version:      1[0m
[0;32mI (270) app_init: Compile time:     Mar 18 2026 23:13:21[0m
[0;32mI (276) app_init: ELF file SHA256:  b0922249b...[0m
[0;32mI (280) app_init: ESP-IDF:          v6.1-dev-2938-g12f36a021f[0m
[0;32mI (285) efuse_init: Min chip rev:     v0.0[0m
[0;32mI (289) efuse_init: Max chip rev:     v3.99 [0m
[0;32mI (293) efuse_init: Chip rev:         v3.1[0m
[0;32mI (297) heap_init: Initializing. RAM available for dynamic allocation:[0m
[0;32mI (303) heap_init: At 3FFAE6E0 len 00001920 (6 KiB): DRAM[0m
[0;32mI (308) heap_init: At 3FFD0F38 len 0000F0C8 (60 KiB): DRAM[0m
[0;32mI (314) heap_init: At 3FFE0440 len 00003AE0 (14 KiB): D/IRAM[0m
[0;32mI (319) heap_init: At 3FFE4350 len 0001BCB0 (111 KiB): D/IRAM[0m
[0;32mI (324) heap_init: At 40089FB4 len 0001604C (88 KiB): IRAM[0m
[0;32mI (330) spi_flash: detected chip: generic[0m
[0;32mI (333) spi_flash: flash io: qio[0m
[0;33mW (336) spi_flash: Detected size(4096k) larger than the size in the binary image header(2048k). Using the size in the binary image header.[0m
[0;32mI (349) main_task: Started on CPU0[0m
[0;32mI (359) main_task: Calling app_main()[0m
Didn't find op for builtin opcode 'CONV_2D'
Failed to get registration from op code CONV_2D
 
AllocateTensors() failed
Guru Meditation Error: Core  0 panic'ed (StoreProhibited). Exception was unhandled.

Core  0 register dump:
PC      : 0x4000c2e4  PS      : 0x00060630  A0      : 0x800d668c  A1      : 0x3ffd45e0  
A2      : 0x00000000  A3      : 0x3f40b5dc  A4      : 0x000007a8  A5      : 0x00000000  
A6      : 0x5f766274  A7      : 0x5165556a  A8      : 0x00000000  A9      : 0x3ffd4cc0  
A10     : 0x3f400a94  A11     : 0x3ffd4d50  A12     : 0x3ffd4d30  A13     : 0x00000004  
A14     : 0x3f42c9c4  A15     : 0x00000020  SAR     : 0x0000001d  EXCCAUSE: 0x0000001d  
EXCVADDR: 0x00000000  LBEG    : 0x4000c2e0  LEND    : 0x4000c2f6  LCOUNT  : 0x00000079  


Backtrace: 0x4000c2e1:0x3ffd45e0 0x400d6689:0x3ffd45f0 0x400d6132:0x3ffd4dd0




ELF file SHA256: b0922249b

Rebooting...
ets Jul 29 2019 12:21:46

rst:0xc (SW_CPU_RESET),boot:0x13 (SPI_FAST_FLASH_BOOT)
configsip: 0, SPIWP:0xee
clk_drv:0x00,q_drv:0x00,d_drv:0x00,cs0_drv:0x00,hd_drv:0x00,wp_drv:0x00
mode:DIO, clock div:1
load:0x3fff0040,len:6596
load:0x40078000,len:16752
ho 0 tail 12 room 4
load:0x40080400,len:4348
entry 0x40080664
[0;32mI (29) boot: ESP-IDF v6.1-dev-2938-g12f36a021f 2nd stage bootloader[0m
[0;32mI (29) boot: compile time Mar 18 2026 23:14:15[0m
[0;32mI (29) boot: Multicore bootloader[0m
[0;32mI (32) boot: chip revision: v3.1[0m
[0;32mI (35) qio_mode: Enabling default flash chip QIO[0m
[0;32mI (39) boot.esp32: SPI Speed      : 80MHz[0m
[0;32mI (43) boot.esp32: SPI Mode       : QIO[0m
[0;32mI (47) boot.esp32: SPI Flash Size : 2MB[0m
[0;32mI (50) boot: Enabling RNG early entropy source...[0m
[0;32mI (55) boot: Partition Table:[0m
[0;32mI (57) boot: ## Label            Usage          Type ST Offset   Length[0m
[0;32mI (64) boot:  0 nvs              WiFi data        01 02 00009000 00006000[0m
[0;32mI (70) boot:  1 phy_init         RF data          01 01 0000f000 00001000[0m
[0;32mI (77) boot:  2 factory          factory app      00 00 00010000 00100000[0m
[0;32mI (83) boot: End of partition table[0m
[0;32mI (86) esp_image: segment 0: paddr=00010020 vaddr=3f400020 size=37ef0h (229104) map[0m
[0;32mI (156) esp_image: segment 1: paddr=00047f18 vaddr=3ffb0000 size=0288ch ( 10380) load[0m
[0;32mI (159) esp_image: segment 2: paddr=0004a7ac vaddr=40080000 size=0586ch ( 22636) load[0m
[0;32mI (167) esp_image: segment 3: paddr=00050020 vaddr=400d0020 size=32894h (206996) map[0m
[0;32mI (223) esp_image: segment 4: paddr=000828bc vaddr=4008586c size=04748h ( 18248) load[0m
[0;32mI (229) esp_image: segment 5: paddr=0008700c vaddr=50000000 size=00028h (    40) load[0m
[0;32mI (235) boot: Loaded app from partition at offset 0x10000[0m
[0;32mI (235) boot: Disabling RNG early entropy source...[0m
[0;32mI (249) cpu_start: Multicore app[0m
[0;32mI (257) cpu_start: GPIO 3 and 1 are used as console UART I/O pins[0m
[0;32mI (257) cpu_start: Pro cpu start user code[0m
[0;32mI (257) cpu_start: cpu freq: 160000000 Hz[0m
[0;32mI (259) app_init: Application information:[0m
[0;32mI (263) app_init: Project name:     micro_speech[0m
[0;32mI (267) app_init: App version:      1[0m
[0;32mI (270) app_init: Compile time:     Mar 18 2026 23:13:21[0m
[0;32mI (276) app_init: ELF file SHA256:  b0922249b...[0m
[0;32mI (280) app_init: ESP-IDF:          v6.1-dev-2938-g12f36a021f[0m
[0;32mI (285) efuse_init: Min chip rev:     v0.0[0m
[0;32mI (289) efuse_init: Max chip rev:     v3.99 [0m
[0;32mI (293) efuse_init: Chip rev:         v3.1[0m
[0;32mI (297) heap_init: Initializing. RAM available for dynamic allocation:[0m
[0;32mI (303) heap_init: At 3FFAE6E0 len 00001920 (6 KiB): DRAM[0m
[0;32mI (308) heap_init: At 3FFD0F38 len 0000F0C8 (60 KiB): DRAM[0m
[0;32mI (314) heap_init: At 3FFE0440 len 00003AE0 (14 KiB): D/IRAM[0m
[0;32mI (319) heap_init: At 3FFE4350 len 0001BCB0 (111 KiB): D/IRAM[0m
[0;32mI (324) heap_init: At 40089FB4 len 0001604C (88 KiB): IRAM[0m
[0;32mI (330) spi_flash: detected chip: generic[0m
[0;32mI (333) spi_flash: flash io: qio[0m
[0;33mW (336) spi_flash: Detected size(4096k) larger than the size in the binary image header(2048k). Using the size in the binary image header.[0m
[0;32mI (349) main_task: Started on CPU0[0m
[0;32mI (359) main_task: Calling app_main()[0m
Didn't find op for builtin opcode 'CONV_2D'
Failed to get registration from op code CONV_2D
 
AllocateTensors() failed
Guru Meditation Error: Core  0 panic'ed (StoreProhibited). Exception was unhandled.

Core  0 register dump:
PC      : 0x4000c2e4  PS      : 0x00060630  A0      : 0x800d668c  A1      : 0x3ffd45e0  
A2      : 0x00000000  A3      : 0x3f40b5dc  A4      : 0x000007a8  A5      : 0x00000000  
A6      : 0x5f766274  A7      : 0x5165556a  A8      : 0x00000000  A9      : 0x3ffd4cc0  
A10     : 0x3f400a94  A11     : 0x3ffd4d50  A12     : 0x3ffd4d30  A13     : 0x00000004  
A14     : 0x3f42c9c4  A15     : 0x00000020  SAR     : 0x0000001d  EXCCAUSE: 0x0000001d  
EXCVADDR: 0x00000000  LBEG    : 0x4000c2e0  LEND    : 0x4000c2f6  LCOUNT  : 0x00000079  


Backtrace: 0x4000c2e1:0x3ffd45e0 0x400d6689:0x3ffd45f0 0x400d6132:0x3ffd4dd0




ELF file SHA256: b0922249b

Rebooting...
ets Jul 29 2019 12:21:46

rst:0xc (SW_CPU_RESET),boot:0x13 (SPI_FAST_FLASH_BOOT)
configsip: 0, SPIWP:0xee
clk_drv:0x00,q_drv:0x00,d_drv:0x00,cs0_drv:0x00,hd_drv:0x00,wp_drv:0x00
mode:DIO, clock div:1
load:0x3fff0040,len:6596
load:0x40078000,len:16752
ho 0 tail 12 room 4
load:0x40080400,len:4348
entry 0x40080664
[0;32mI (29) boot: ESP-IDF v6.1-dev-2938-g12f36a021f 2nd stage bootloader[0m
[0;32mI (29) boot: compile time Mar 18 2026 23:14:15[0m
[0;32mI (29) boot: Multicore bootloader[0m
[0;32mI (32) boot: chip revision: v3.1[0m
[0;32mI (35) qio_mode: Enabling default flash chip QIO[0m
[0;32mI (39) boot.esp32: SPI Speed      : 80MHz[0m
[0;32mI (43) boot.esp32: SPI Mode       : QIO[0m
[0;32mI (47) boot.esp32: SPI Flash Size : 2MB[0m
[0;32mI (50) boot: Enabling RNG early entropy source...[0m
[0;32mI (55) boot: Partition Table:[0m
[0;32mI (57) boot: ## Label            Usage          Type ST Offset   Length[0m
[0;32mI (64) boot:  0 nvs              WiFi data        01 02 00009000 00006000[0m
[0;32mI (70) boot:  1 phy_init         RF data          01 01 0000f000 00001000[0m
[0;32mI (77) boot:  2 factory          factory app      00 00 00010000 00100000[0m
[0;32mI (83) boot: End of partition table[0m
[0;32mI (86) esp_image: segment 0: paddr=00010020 vaddr=3f400020 size=37ef0h (229104) map[0m
[0;32mI (156) esp_image: segment 1: paddr=00047f18 vaddr=3ffb0000 size=0288ch ( 10380) load[0m
[0;32mI (159) esp_image: segment 2: paddr=0004a7ac vaddr=40080000 size=0586ch ( 22636) load[0m
[0;32mI (167) esp_image: segment 3: paddr=00050020 vaddr=400d0020 size=32894h (206996) map[0m
[0;32mI (223) esp_image: segment 4: paddr=000828bc vaddr=4008586c size=04748h ( 18248) load[0m
[0;32mI (229) esp_image: segment 5: paddr=0008700c vaddr=50000000 size=00028h (    40) load[0m
[0;32mI (235) boot: Loaded app from partition at offset 0x10000[0m
[0;32mI (235) boot: Disabling RNG early entropy source...[0m
[0;32mI (249) cpu_start: Multicore app[0m
[0;32mI (257) cpu_start: GPIO 3 and 1 are used as console UART I/O pins[0m
[0;32mI (257) cpu_start: Pro cpu start user code[0m
[0;32mI (257) cpu_start: cpu freq: 160000000 Hz[0m
[0;32mI (259) app_init: Application information:[0m
[0;32mI (263) app_init: Project name:     micro_speech[0m
[0;32mI (267) app_init: App version:      1[0m
[0;32mI (270) app_init: Compile time:     Mar 18 2026 23:13:21[0m
[0;32mI (276) app_init: ELF file SHA256:  b0922249b...[0m
[0;32mI (280) app_init: ESP-IDF:          v6.1-dev-2938-g12f36a021f[0m
[0;32mI (285) efuse_init: Min chip rev:     v0.0[0m
[0;32mI (289) efuse_init: Max chip rev:     v3.99 [0m
[0;32mI (293) efuse_init: Chip rev:         v3.1[0m
[0;32mI (297) heap_init: Initializing. RAM available for dynamic allocation:[0m
[0;32mI (303) heap_init: At 3FFAE6E0 len 00001920 (6 KiB): DRAM[0m
[0;32mI (308) heap_init: At 3FFD0F38 len 0000F0C8 (60 KiB): DRAM[0m
[0;32mI (314) heap_init: At 3FFE0440 len 00003AE0 (14 KiB): D/IRAM[0m
[0;32mI (319) heap_init: At 3FFE4350 len 0001BCB0 (111 KiB): D/IRAM[0m
[0;32mI (324) heap_init: At 40089FB4 len 0001604C (88 KiB): IRAM[0m
[0;32mI (330) spi_flash: detected chip: generic[0m
[0;32mI (333) spi_flash: flash io: qio[0m
[0;33mW (336) spi_flash: Detected size(4096k) larger than the size in the binary image header(2048k). Using the size in the binary image header.[0m
[0;32mI (349) main_task: Started on CPU0[0m
[0;32mI (359) main_task: Calling app_main()[0m
Didn't find op for builtin opcode 'CONV_2D'
Failed to get registration from op code CONV_2D
 
AllocateTensors() failed
Guru Meditation Error: Core  0 panic'ed (StoreProhibited). Exception was unhandled.

Core  0 register dump:
PC      : 0x4000c2e4  PS      : 0x00060630  A0      : 0x800d668c  A1      : 0x3ffd45e0  
A2      : 0x00000000  A3      : 0x3f40b5dc  A4      : 0x000007a8  A5      : 0x00000000  
A6      : 0x5f766274  A7      : 0x5165556a  A8      : 0x00000000  A9      : 0x3ffd4cc0  
A10     : 0x3f400a94  A11     : 0x3ffd4d50  A12     : 0x3ffd4d30  A13     : 0x00000004  
A14     : 0x3f42c9c4  A15     : 0x00000020  SAR     : 0x0000001d  EXCCAUSE: 0x0000001d  
EXCVADDR: 0x00000000  LBEG    : 0x4000c2e0  LEND    : 0x4000c2f6  LCOUNT  : 0x00000079  


Backtrace: 0x4000c2e1:0x3ffd45e0 0x400d6689:0x3ffd45f0 0x400d6132:0x3ffd4dd0




ELF file SHA256: b0922249b

Rebooting...
ets Jul 29 2019 12:21:46

rst:0xc (SW_CPU_RESET),boot:0x13 (SPI_FAST_FLASH_BOOT)
configsip: 0, SPIWP:0xee
clk_drv:0x00,q_drv:0x00,d_drv:0x00,cs0_drv:0x00,hd_drv:0x00,wp_drv:0x00
mode:DIO, clock div:1
load:0x3fff0040,len:6596
load:0x40078000,len:16752
ho 0 tail 12 room 4
load:0x40080400,len:4348
entry 0x40080664
[0;32mI (29) boot: ESP-IDF v6.1-dev-2938-g12f36a021f 2nd stage bootloader[0m
[0;32mI (29) boot: compile time Mar 18 2026 23:14:15[0m
[0;32mI (29) boot: Multicore bootloader[0m
[0;32mI (32) boot: chip revision: v3.1[0m
[0;32mI (35) qio_mode: Enabling default flash chip QIO[0m
[0;32mI (39) boot.esp32: SPI Speed      : 80MHz[0m
[0;32mI (43) boot.esp32: SPI Mode       : QIO[0m
[0;32mI (47) boot.esp32: SPI Flash Size : 2MB[0m
[0;32mI (50) boot: Enabling RNG early entropy source...[0m
[0;32mI (55) boot: Partition Table:[0m
[0;32mI (57) boot: ## Label            Usage          Type ST Offset   Length[0m
[0;32mI (64) boot:  0 nvs              WiFi data        01 02 00009000 00006000[0m
[0;32mI (70) boot:  1 phy_init         RF data          01 01 0000f000 00001000[0m
[0;32mI (77) boot:  2 factory          factory app      00 00 00010000 00100000[0m
[0;32mI (83) boot: End of partition table[0m
[0;32mI (86) esp_image: segment 0: paddr=00010020 vaddr=3f400020 size=37ef0h (229104) map[0m
[0;32mI (156) esp_image: segment 1: paddr=00047f18 vaddr=3ffb0000 size=0288ch ( 10380) load[0m
[0;32mI (159) esp_image: segment 2: paddr=0004a7ac vaddr=40080000 size=0586ch ( 22636) load[0m
[0;32mI (167) esp_image: segment 3: paddr=00050020 vaddr=400d0020 size=32894h (206996) map[0m
[0;32mI (223) esp_image: segment 4: paddr=000828bc vaddr=4008586c size=04748h ( 18248) load[0m
[0;32mI (229) esp_image: segment 5: paddr=0008700c vaddr=50000000 size=00028h (    40) load[0m
[0;32mI (235) boot: Loaded app from partition at offset 0x10000[0m
[0;32mI (235) boot: Disabling RNG early entropy source...[0m
[0;32mI (249) cpu_start: Multicore app[0m
[0;32mI (257) cpu_start: GPIO 3 and 1 are used as console UART I/O pins[0m
[0;32mI (257) cpu_start: Pro cpu start user code[0m
[0;32mI (257) cpu_start: cpu freq: 160000000 Hz[0m
[0;32mI (259) app_init: Application information:[0m
[0;32mI (263) app_init: Project name:     micro_speech[0m
[0;32mI (267) app_init: App version:      1[0m
[0;32mI (270) app_init: Compile time:     Mar 18 2026 23:13:21[0m
[0;32mI (276) app_init: ELF file SHA256:  b0922249b...[0m
[0;32mI (280) app_init: ESP-IDF:          v6.1-dev-2938-g12f36a021f[0m
[0;32mI (285) efuse_init: Min chip rev:     v0.0[0m
[0;32mI (289) efuse_init: Max chip rev:     v3.99 [0m
[0;32mI (293) efuse_init: Chip rev:         v3.1[0m
[0;32mI (297) heap_init: Initializing. RAM available for dynamic allocation:[0m
[0;32mI (303) heap_init: At 3FFAE6E0 len 00001920 (6 KiB): DRAM[0m
[0;32mI (308) heap_init: At 3FFD0F38 len 0000F0C8 (60 KiB): DRAM[0m
[0;32mI (314) heap_init: At 3FFE0440 len 00003AE0 (14 KiB): D/IRAM[0m
[0;32mI (319) heap_init: At 3FFE4350 len 0001BCB0 (111 KiB): D/IRAM[0m
[0;32mI (324) heap_init: At 40089FB4 len 0001604C (88 KiB): IRAM[0m
[0;32mI (330) spi_flash: detected chip: generic[0m
[0;32mI (333) spi_flash: flash io: qio[0m
[0;33mW (336) spi_flash: Detected size(4096k) larger than the size in the binary image header(2048k). Using the size in the binary image header.[0m
[0;32mI (349) main_task: Started on CPU0[0m
[0;32mI (359) main_task: Calling app_main()[0m
Didn't find op for builtin opcode 'CONV_2D'
Failed to get registration from op code CONV_2D
 
AllocateTensors() failed
Guru Meditation Error: Core  0 panic'ed (StoreProhibited). Exception was unhandled.

Core  0 register dump:
PC      : 0x4000c2e4  PS      : 0x00060630  A0      : 0x800d668c  A1      : 0x3ffd45e0  
A2      : 0x00000000  A3      : 0x3f40b5dc  A4      : 0x000007a8  A5      : 0x00000000  
A6      : 0x5f766274  A7      : 0x5165556a  A8      : 0x00000000  A9      : 0x3ffd4cc0  
A10     : 0x3f400a94  A11     : 0x3ffd4d50  A12     : 0x3ffd4d30  A13     : 0x00000004  
A14     : 0x3f42c9c4  A15     : 0x00000020  SAR     : 0x0000001d  EXCCAUSE: 0x0000001d  
EXCVADDR: 0x00000000  LBEG    : 0x4000c2e0  LEND    : 0x4000c2f6  LCOUNT  : 0x00000079  


Backtrace: 0x4000c2e1:0x3ffd45e0 0x400d6689:0x3ffd45f0 0x400d6132:0x3ffd4dd0




ELF file SHA256: b0922249b

Rebooting...
ets Jul 29 2019 12:21:46

rst:0xc (SW_CPU_RESET),boot:0x13 (SPI_FAST_FLASH_BOOT)
configsip: 0, SPIWP:0xee
clk_drv:0x00,q_drv:0x00,d_drv:0x00,cs0_drv:0x00,hd_drv:0x00,wp_drv:0x00
mode:DIO, clock div:1
load:0x3fff0040,len:6596
load:0x40078000,len:16752
ho 0 tail 12 room 4
load:0x40080400,len:4348
entry 0x40080664
[0;32mI (29) boot: ESP-IDF v6.1-dev-2938-g12f36a021f 2nd stage bootloader[0m
[0;32mI (29) boot: compile time Mar 18 2026 23:14:15[0m
[0;32mI (29) boot: Multicore bootloader[0m
[0;32mI (32) boot: chip revision: v3.1[0m
[0;32mI (35) qio_mode: Enabling default flash chip QIO[0m
[0;32mI (39) boot.esp32: SPI Speed      : 80MHz[0m
[0;32mI (43) boot.esp32: SPI Mode       : QIO[0m
[0;32mI (47) boot.esp32: SPI Flash Size : 2MB[0m
[0;32mI (50) boot: Enabling RNG early entropy source...[0m
[0;32mI (55) boot: Partition Table:[0m
[0;32mI (57) boot: ## Label            Usage          Type ST Offset   Length[0m
[0;32mI (64) boot:  0 nvs              WiFi data        01 02 00009000 00006000[0m
[0;32mI (70) boot:  1 phy_init         RF data          01 01 0000f000 00001000[0m
[0;32mI (77) boot:  2 factory          factory app      00 00 00010000 00100000[0m
[0;32mI (83) boot: End of partition table[0m
[0;32mI (86) esp_image: segment 0: paddr=00010020 vaddr=3f400020 size=37ef0h (229104) map[0m
[0;32mI (156) esp_image: segment 1: paddr=00047f18 vaddr=3ffb0000 size=0288ch ( 10380) load[0m
[0;32mI (159) esp_image: segment 2: paddr=0004a7ac vaddr=40080000 size=0586ch ( 22636) load[0m
[0;32mI (167) esp_image: segment 3: paddr=00050020 vaddr=400d0020 size=32894h (206996) map[0m
[0;32mI (223) esp_image: segment 4: paddr=000828bc vaddr=4008586c size=04748h ( 18248) load[0m
[0;32mI (229) esp_image: segment 5: paddr=0008700c vaddr=50000000 size=00028h (    40) load[0m
[0;32mI (235) boot: Loaded app from partition at offset 0x10000[0m
[0;32mI (235) boot: Disabling RNG early entropy source...[0m
[0;32mI (249) cpu_start: Multicore app[0m
[0;32mI (257) cpu_start: GPIO 3 and 1 are used as console UART I/O pins[0m
[0;32mI (257) cpu_start: Pro cpu start user code[0m
[0;32mI (257) cpu_start: cpu freq: 160000000 Hz[0m
[0;32mI (259) app_init: Application information:[0m
[0;32mI (263) app_init: Project name:     micro_speech[0m
[0;32mI (267) app_init: App version:      1[0m
[0;32mI (270) app_init: Compile time:     Mar 18 2026 23:13:21[0m
[0;32mI (276) app_init: ELF file SHA256:  b0922249b...[0m
[0;32mI (280) app_init: ESP-IDF:          v6.1-dev-2938-g12f36a021f[0m
[0;32mI (285) efuse_init: Min chip rev:     v0.0[0m
[0;32mI (289) efuse_init: Max chip rev:     v3.99 [0m
[0;32mI (293) efuse_init: Chip rev:         v3.1[0m
[0;32mI (297) heap_init: Initializing. RAM available for dynamic allocation:[0m
[0;32mI (303) heap_init: At 3FFAE6E0 len 00001920 (6 KiB): DRAM[0m
[0;32mI (308) heap_init: At 3FFD0F38 len 0000F0C8 (60 KiB): DRAM[0m
[0;32mI (314) heap_init: At 3FFE0440 len 00003AE0 (14 KiB): D/IRAM[0m
[0;32mI (319) heap_init: At 3FFE4350 len 0001BCB0 (111 KiB): D/IRAM[0m
[0;32mI (324) heap_init: At 40089FB4 len 0001604C (88 KiB): IRAM[0m
[0;32mI (330) spi_flash: detected chip: generic[0m
[0;32mI (333) spi_flash: flash io: qio[0m
[0;33mW (336) spi_flash: Detected size(4096k) larger than the size in the binary image header(2048k). Using the size in the binary image header.[0m
[0;32mI (349) main_task: Started on CPU0[0m
[0;32mI (359) main_task: Calling app_main()[0m
Didn't find op for builtin opcode 'CONV_2D'
Failed to get registration from op code CONV_2D
 
AllocateTensors() failed
Guru Meditation Error: Core  0 panic'ed (StoreProhibited). Exception was unhandled.

Core  0 register dump:
PC      : 0x4000c2e4  PS      : 0x00060630  A0      : 0x800d668c  A1      : 0x3ffd45e0  
A2      : 0x00000000  A3      : 0x3f40b5dc  A4      : 0x000007a8  A5      : 0x00000000  
A6      : 0x5f766274  A7      : 0x5165556a  A8      : 0x00000000  A9      : 0x3ffd4cc0  
A10     : 0x3f400a94  A11     : 0x3ffd4d50  A12     : 0x3ffd4d30  A13     : 0x00000004  
A14     : 0x3f42c9c4  A15     : 0x00000020  SAR     : 0x0000001d  EXCCAUSE: 0x0000001d  
EXCVADDR: 0x00000000  LBEG    : 0x4000c2e0  LEND    : 0x4000c2f6  LCOUNT  : 0x00000079  


Backtrace: 0x4000c2e1:0x3ffd45e0 0x400d6689:0x3ffd45f0 0x400d6132:0x3ffd4dd0




ELF file SHA256: b0922249b

Rebooting...
ets Jul 29 2019 12:21:46

rst:0xc (SW_CPU_RESET),boot:0x13 (SPI_FAST_FLASH_BOOT)
configsip: 0, SPIWP:0xee
clk_drv:0x00,q_drv:0x00,d_drv:0x00,cs0_drv:0x00,hd_drv:0x00,wp_drv:0x00
mode:DIO, clock div:1
load:0x3fff0040,len:6596
load:0x40078000,len:16752
ho 0 tail 12 room 4
load:0x40080400,len:4348
entry 0x40080664
[0;32mI (29) boot: ESP-IDF v6.1-dev-2938-g12f36a021f 2nd stage bootloader[0m
[0;32mI (29) boot: compile time Mar 18 2026 23:14:15[0m
[0;32mI (29) boot: Multicore bootloader[0m
[0;32mI (32) boot: chip revision: v3.1[0m
[0;32mI (35) qio_mode: Enabling default flash chip QIO[0m
[0;32mI (39) boot.esp32: SPI Speed      : 80MHz[0m
[0;32mI (43) boot.esp32: SPI Mode       : QIO[0m
[0;32mI (47) boot.esp32: SPI Flash Size : 2MB[0m
[0;32mI (50) boot: Enabling RNG early entropy source...[0m
[0;32mI (55) boot: Partition Table:[0m
[0;32mI (57) boot: ## Label            Usage          Type ST Offset   Length[0m
[0;32mI (64) boot:  0 nvs              WiFi data        01 02 00009000 00006000[0m
[0;32mI (70) boot:  1 phy_init         RF data          01 01 0000f000 00001000[0m
[0;32mI (77) boot:  2 factory          factory app      00 00 00010000 00100000[0m
[0;32mI (83) boot: End of partition table[0m
[0;32mI (86) esp_image: segment 0: paddr=00010020 vaddr=3f400020 size=37ef0h (229104) map[0m
[0;32mI (156) esp_image: segment 1: paddr=00047f18 vaddr=3ffb0000 size=0288ch ( 10380) load[0m
[0;32mI (159) esp_image: segment 2: paddr=0004a7ac vaddr=40080000 size=0586ch ( 22636) load[0m
[0;32mI (167) esp_image: segment 3: paddr=00050020 vaddr=400d0020 size=32894h (206996) map[0m
[0;32mI (223) esp_image: segment 4: paddr=000828bc vaddr=4008586c size=04748h ( 18248) load[0m
[0;32mI (229) esp_image: segment 5: paddr=0008700c vaddr=50000000 size=00028h (    40) load[0m
[0;32mI (235) boot: Loaded app from partition at offset 0x10000[0m
[0;32mI (235) boot: Disabling RNG early entropy source...[0m
[0;32mI (249) cpu_start: Multicore app[0m
[0;32mI (257) cpu_start: GPIO 3 and 1 are used as console UART I/O pins[0m
[0;32mI (257) cpu_start: Pro cpu start user code[0m
[0;32mI (257) cpu_start: cpu freq: 160000000 Hz[0m
[0;32mI (259) app_init: Application information:[0m
[0;32mI (263) app_init: Project name:     micro_speech[0m
[0;32mI (267) app_init: App version:      1[0m
[0;32mI (270) app_init: Compile time:     Mar 18 2026 23:13:21[0m
[0;32mI (276) app_init: ELF file SHA256:  b0922249b...[0m
[0;32mI (280) app_init: ESP-IDF:          v6.1-dev-2938-g12f36a021f[0m
[0;32mI (285) efuse_init: Min chip rev:     v0.0[0m
[0;32mI (289) efuse_init: Max chip rev:     v3.99 [0m
[0;32mI (293) efuse_init: Chip rev:         v3.1[0m
[0;32mI (297) heap_init: Initializing. RAM available for dynamic allocation:[0m
[0;32mI (303) heap_init: At 3FFAE6E0 len 00001920 (6 KiB): DRAM[0m
[0;32mI (308) heap_init: At 3FFD0F38 len 0000F0C8 (60 KiB): DRAM[0m
[0;32mI (314) heap_init: At 3FFE0440 len 00003AE0 (14 KiB): D/IRAM[0m
[0;32mI (319) heap_init: At 3FFE4350 len 0001BCB0 (111 KiB): D/IRAM[0m
[0;32mI (324) heap_init: At 40089FB4 len 0001604C (88 KiB): IRAM[0m
[0;32mI (330) spi_flash: detected chip: generic[0m
[0;32mI (333) spi_flash: flash io: qio[0m
[0;33mW (336) spi_flash: Detected size(4096k) larger than the size in the binary image header(2048k). Using the size in the binary image header.[0m
[0;32mI (349) main_task: Started on CPU0[0m
[0;32mI (359) main_task: Calling app_main()[0m
Didn't find op for builtin opcode 'CONV_2D'
Failed to get registration from op code CONV_2D
 
AllocateTensors() failed
Guru Meditation Error: Core  0 panic'ed (StoreProhibited). Exception was unhandled.

Core  0 register dump:
PC      : 0x4000c2e4  PS      : 0x00060630  A0      : 0x800d668c  A1      : 0x3ffd45e0  
A2      : 0x00000000  A3      : 0x3f40b5dc  A4      : 0x000007a8  A5      : 0x00000000  
A6      : 0x5f766274  A7      : 0x5165556a  A8      : 0x00000000  A9      : 0x3ffd4cc0  
A10     : 0x3f400a94  A11     : 0x3ffd4d50  A12     : 0x3ffd4d30  A13     : 0x00000004  
A14     : 0x3f42c9c4  A15     : 0x00000020  SAR     : 0x0000001d  EXCCAUSE: 0x0000001d  
EXCVADDR: 0x00000000  LBEG    : 0x4000c2e0  LEND    : 0x4000c2f6  LCOUNT  : 0x00000079  


Backtrace: 0x4000c2e1:0x3ffd45e0 0x400d6689:0x3ffd45f0 0x400d6132:0x3ffd4dd0




ELF file SHA256: b0922249b

Rebooting...
ets Jul 29 2019 12:21:46

rst:0xc (SW_CPU_RESET),boot:0x13 (SPI_FAST_FLASH_BOOT)
configsip: 0, SPIWP:0xee
clk_drv:0x00,q_drv:0x00,d_drv:0x00,cs0_drv:0x00,hd_drv:0x00,wp_drv:0x00
mode:DIO, clock div:1
load:0x3fff0040,len:6596
load:0x40078000,len:16752
ho 0 tail 12 room 4
load:0x40080400,len:4348
entry 0x40080664
[0;32mI (29) boot: ESP-IDF v6.1-dev-2938-g12f36a021f 2nd stage bootloader[0m
[0;32mI (29) boot: compile time Mar 18 2026 23:14:15[0m
[0;32mI (29) boot: Multicore bootloader[0m
[0;32mI (32) boot: chip revision: v3.1[0m
[0;32mI (35) qio_mode: Enabling default flash chip QIO[0m
[0;32mI (39) boot.esp32: SPI Speed      : 80MHz[0m
[0;32mI (43) boot.esp32: SPI Mode       : QIO[0m
[0;32mI (47) boot.esp32: SPI Flash Size : 2MB[0m
[0;32mI (50) boot: Enabling RNG early entropy source...[0m
[0;32mI (55) boot: Partition Table:[0m
[0;32mI (57) boot: ## Label            Usage          Type ST Offset   Length[0m
[0;32mI (64) boot:  0 nvs              WiFi data        01 02 00009000 00006000[0m
[0;32mI (70) boot:  1 phy_init         RF data          01 01 0000f000 00001000[0m
[0;32mI (77) boot:  2 factory          factory app      00 00 00010000 00100000[0m
[0;32mI (83) boot: End of partition table[0m
[0;32mI (86) esp_image: segment 0: paddr=00010020 vaddr=3f400020 size=37ef0h (229104) map[0m
[0;32mI (156) esp_image: segment 1: paddr=00047f18 vaddr=3ffb0000 size=0288ch ( 10380) load[0m
[0;32mI (159) esp_image: segment 2: paddr=0004a7ac vaddr=40080000 size=0586ch ( 22636) load[0m
[0;32mI (167) esp_image: segment 3: paddr=00050020 vaddr=400d0020 size=32894h (206996) map[0m
[0;32mI (223) esp_image: segment 4: paddr=000828bc vaddr=4008586c size=04748h ( 18248) load[0m
[0;32mI (229) esp_image: segment 5: paddr=0008700c vaddr=50000000 size=00028h (    40) load[0m
[0;32mI (235) boot: Loaded app from partition at offset 0x10000[0m
[0;32mI (235) boot: Disabling RNG early entropy source...[0m
[0;32mI (249) cpu_start: Multicore app[0m
[0;32mI (257) cpu_start: GPIO 3 and 1 are used as console UART I/O pins[0m
[0;32mI (257) cpu_start: Pro cpu start user code[0m
[0;32mI (257) cpu_start: cpu freq: 160000000 Hz[0m
[0;32mI (259) app_init: Application information:[0m
[0;32mI (263) app_init: Project name:     micro_speech[0m
[0;32mI (267) app_init: App version:      1[0m
[0;32mI (270) app_init: Compile time:     Mar 18 2026 23:13:21[0m
[0;32mI (276) app_init: ELF file SHA256:  b0922249b...[0m
[0;32mI (280) app_init: ESP-IDF:          v6.1-dev-2938-g12f36a021f[0m
[0;32mI (285) efuse_init: Min chip rev:     v0.0[0m
[0;32mI (289) efuse_init: Max chip rev:     v3.99 [0m
[0;32mI (293) efuse_init: Chip rev:         v3.1[0m
[0;32mI (297) heap_init: Initializing. RAM available for dynamic allocation:[0m
[0;32mI (303) heap_init: At 3FFAE6E0 len 00001920 (6 KiB): DRAM[0m
[0;32mI (308) heap_init: At 3FFD0F38 len 0000F0C8 (60 KiB): DRAM[0m
[0;32mI (314) heap_init: At 3FFE0440 len 00003AE0 (14 KiB): D/IRAM[0m
[0;32mI (319) heap_init: At 3FFE4350 len 0001BCB0 (111 KiB): D/IRAM[0m
[0;32mI (324) heap_init: At 40089FB4 len 0001604C (88 KiB): IRAM[0m
[0;32mI (330) spi_flash: detected chip: generic[0m
[0;32mI (333) spi_flash: flash io: qio[0m
[0;33mW (336) spi_flash: Detected size(4096k) larger than the size in the binary image header(2048k). Using the size in the binary image header.[0m
[0;32mI (349) main_task: Started on CPU0[0m
[0;32mI (359) main_task: Calling app_main()[0m
Didn't find op for builtin opcode 'CONV_2D'
Failed to get registration from op code CONV_2D
 
AllocateTensors() failed
Guru Meditation Error: Core  0 panic'ed (StoreProhibited). Exception was unhandled.

Core  0 register dump:
PC      : 0x4000c2e4  PS      : 0x00060630  A0      : 0x800d668c  A1      : 0x3ffd45e0  
A2      : 0x00000000  A3      : 0x3f40b5dc  A4      : 0x000007a8  A5      : 0x00000000  
A6      : 0x5f766274  A7      : 0x5165556a  A8      : 0x00000000  A9      : 0x3ffd4cc0  
A10     : 0x3f400a94  A11     : 0x3ffd4d50  A12     : 0x3ffd4d30  A13     : 0x00000004  
A14     : 0x3f42c9c4  A15     : 0x00000020  SAR     : 0x0000001d  EXCCAUSE: 0x0000001d  
EXCVADDR: 0x00000000  LBEG    : 0x4000c2e0  LEND    : 0x4000c2f6  LCOUNT  : 0x00000079  


Backtrace: 0x4000c2e1:0x3ffd45e0 0x400d6689:0x3ffd45f0 0x400d6132:0x3ffd4dd0




ELF file SHA256: b0922249b

Rebooting...
ets Jul 29 2019 12:21:46

rst:0xc (SW_CPU_RESET),boot:0x13 (SPI_FAST_FLASH_BOOT)
configsip: 0, SPIWP:0xee
clk_drv:0x00,q_drv:0x00,d_drv:0x00,cs0_drv:0x00,hd_drv:0x00,wp_drv:0x00
mode:DIO, clock div:1
load:0x3fff0040,len:6596
load:0x40078000,len:16752
ho 0 tail 12 room 4
load:0x40080400,len:4348
entry 0x40080664
[0;32mI (29) boot: ESP-IDF v6.1-dev-2938-g12f36a021f 2nd stage bootloader[0m
[0;32mI (29) boot: compile time Mar 18 2026 23:14:15[0m
[0;32mI (29) boot: Multicore bootloader[0m
[0;32mI (32) boot: chip revision: v3.1[0m
[0;32mI (35) qio_mode: Enabling default flash chip QIO[0m
[0;32mI (39) boot.esp32: SPI Speed      : 80MHz[0m
[0;32mI (43) boot.esp32: SPI Mode       : QIO[0m
[0;32mI (47) boot.esp32: SPI Flash Size : 2MB[0m
[0;32mI (50) boot: Enabling RNG early entropy source...[0m
[0;32mI (55) boot: Partition Table:[0m
[0;32mI (57) boot: ## Label            Usage          Type ST Offset   Length[0m
[0;32mI (64) boot:  0 nvs              WiFi data        01 02 00009000 00006000[0m
[0;32mI (70) boot:  1 phy_init         RF data          01 01 0000f000 00001000[0m
